Archive member included to satisfy reference by file (symbol)

c:/program files (x86)/atmel/studio/7.0/toolchain/avr8/avr8-gnu-toolchain/bin/../lib/gcc/avr/5.4.0/../../../../avr/lib/avr5\libm.a(addsf3.o)
                              ADC.o (__subsf3)
c:/program files (x86)/atmel/studio/7.0/toolchain/avr8/avr8-gnu-toolchain/bin/../lib/gcc/avr/5.4.0/../../../../avr/lib/avr5\libm.a(addsf3x.o)
                              c:/program files (x86)/atmel/studio/7.0/toolchain/avr8/avr8-gnu-toolchain/bin/../lib/gcc/avr/5.4.0/../../../../avr/lib/avr5\libm.a(addsf3.o) (__addsf3x)
c:/program files (x86)/atmel/studio/7.0/toolchain/avr8/avr8-gnu-toolchain/bin/../lib/gcc/avr/5.4.0/../../../../avr/lib/avr5\libm.a(divsf3.o)
                              ADC.o (__divsf3)
c:/program files (x86)/atmel/studio/7.0/toolchain/avr8/avr8-gnu-toolchain/bin/../lib/gcc/avr/5.4.0/../../../../avr/lib/avr5\libm.a(divsf3x.o)
                              c:/program files (x86)/atmel/studio/7.0/toolchain/avr8/avr8-gnu-toolchain/bin/../lib/gcc/avr/5.4.0/../../../../avr/lib/avr5\libm.a(divsf3.o) (__divsf3x)
c:/program files (x86)/atmel/studio/7.0/toolchain/avr8/avr8-gnu-toolchain/bin/../lib/gcc/avr/5.4.0/../../../../avr/lib/avr5\libm.a(fixsfsi.o)
                              ADC.o (__fixsfsi)
c:/program files (x86)/atmel/studio/7.0/toolchain/avr8/avr8-gnu-toolchain/bin/../lib/gcc/avr/5.4.0/../../../../avr/lib/avr5\libm.a(fixunssfsi.o)
                              c:/program files (x86)/atmel/studio/7.0/toolchain/avr8/avr8-gnu-toolchain/bin/../lib/gcc/avr/5.4.0/../../../../avr/lib/avr5\libm.a(fixsfsi.o) (__fixunssfsi)
c:/program files (x86)/atmel/studio/7.0/toolchain/avr8/avr8-gnu-toolchain/bin/../lib/gcc/avr/5.4.0/../../../../avr/lib/avr5\libm.a(floatsisf.o)
                              ADC.o (__floatsisf)
c:/program files (x86)/atmel/studio/7.0/toolchain/avr8/avr8-gnu-toolchain/bin/../lib/gcc/avr/5.4.0/../../../../avr/lib/avr5\libm.a(fp_inf.o)
                              c:/program files (x86)/atmel/studio/7.0/toolchain/avr8/avr8-gnu-toolchain/bin/../lib/gcc/avr/5.4.0/../../../../avr/lib/avr5\libm.a(addsf3x.o) (__fp_inf)
c:/program files (x86)/atmel/studio/7.0/toolchain/avr8/avr8-gnu-toolchain/bin/../lib/gcc/avr/5.4.0/../../../../avr/lib/avr5\libm.a(fp_nan.o)
                              c:/program files (x86)/atmel/studio/7.0/toolchain/avr8/avr8-gnu-toolchain/bin/../lib/gcc/avr/5.4.0/../../../../avr/lib/avr5\libm.a(addsf3x.o) (__fp_nan)
c:/program files (x86)/atmel/studio/7.0/toolchain/avr8/avr8-gnu-toolchain/bin/../lib/gcc/avr/5.4.0/../../../../avr/lib/avr5\libm.a(fp_pscA.o)
                              c:/program files (x86)/atmel/studio/7.0/toolchain/avr8/avr8-gnu-toolchain/bin/../lib/gcc/avr/5.4.0/../../../../avr/lib/avr5\libm.a(addsf3x.o) (__fp_pscA)
c:/program files (x86)/atmel/studio/7.0/toolchain/avr8/avr8-gnu-toolchain/bin/../lib/gcc/avr/5.4.0/../../../../avr/lib/avr5\libm.a(fp_pscB.o)
                              c:/program files (x86)/atmel/studio/7.0/toolchain/avr8/avr8-gnu-toolchain/bin/../lib/gcc/avr/5.4.0/../../../../avr/lib/avr5\libm.a(addsf3x.o) (__fp_pscB)
c:/program files (x86)/atmel/studio/7.0/toolchain/avr8/avr8-gnu-toolchain/bin/../lib/gcc/avr/5.4.0/../../../../avr/lib/avr5\libm.a(fp_round.o)
                              c:/program files (x86)/atmel/studio/7.0/toolchain/avr8/avr8-gnu-toolchain/bin/../lib/gcc/avr/5.4.0/../../../../avr/lib/avr5\libm.a(addsf3.o) (__fp_round)
c:/program files (x86)/atmel/studio/7.0/toolchain/avr8/avr8-gnu-toolchain/bin/../lib/gcc/avr/5.4.0/../../../../avr/lib/avr5\libm.a(fp_split3.o)
                              c:/program files (x86)/atmel/studio/7.0/toolchain/avr8/avr8-gnu-toolchain/bin/../lib/gcc/avr/5.4.0/../../../../avr/lib/avr5\libm.a(addsf3x.o) (__fp_split3)
c:/program files (x86)/atmel/studio/7.0/toolchain/avr8/avr8-gnu-toolchain/bin/../lib/gcc/avr/5.4.0/../../../../avr/lib/avr5\libm.a(fp_zero.o)
                              c:/program files (x86)/atmel/studio/7.0/toolchain/avr8/avr8-gnu-toolchain/bin/../lib/gcc/avr/5.4.0/../../../../avr/lib/avr5\libm.a(addsf3x.o) (__fp_zero)
c:/program files (x86)/atmel/studio/7.0/toolchain/avr8/avr8-gnu-toolchain/bin/../lib/gcc/avr/5.4.0/../../../../avr/lib/avr5\libm.a(mulsf3.o)
                              ADC.o (__mulsf3)
c:/program files (x86)/atmel/studio/7.0/toolchain/avr8/avr8-gnu-toolchain/bin/../lib/gcc/avr/5.4.0/../../../../avr/lib/avr5\libm.a(mulsf3x.o)
                              c:/program files (x86)/atmel/studio/7.0/toolchain/avr8/avr8-gnu-toolchain/bin/../lib/gcc/avr/5.4.0/../../../../avr/lib/avr5\libm.a(mulsf3.o) (__mulsf3x)
c:/program files (x86)/atmel/studio/7.0/toolchain/avr8/avr8-gnu-toolchain/bin/../lib/gcc/avr/5.4.0/../../../../avr/lib/avr5\libprintf_min.a(vfprintf_min.o)
                              (vfprintf)
c:/program files (x86)/atmel/studio/7.0/toolchain/avr8/avr8-gnu-toolchain/bin/../lib/gcc/avr/5.4.0/avr5\libgcc.a(_divmodhi4.o)
                              Dot_matrix.o (__divmodhi4)
c:/program files (x86)/atmel/studio/7.0/toolchain/avr8/avr8-gnu-toolchain/bin/../lib/gcc/avr/5.4.0/avr5\libgcc.a(_udivmodsi4.o)
                              Speaker.o (__udivmodsi4)
c:/program files (x86)/atmel/studio/7.0/toolchain/avr8/avr8-gnu-toolchain/bin/../lib/gcc/avr/5.4.0/avr5\libgcc.a(_exit.o)
                              C:/Program Files (x86)/Atmel/Studio/7.0/Packs/atmel/ATmega_DFP/1.2.209/gcc/dev/atmega328p/avr5/crtatmega328p.o (exit)
c:/program files (x86)/atmel/studio/7.0/toolchain/avr8/avr8-gnu-toolchain/bin/../lib/gcc/avr/5.4.0/avr5\libgcc.a(_copy_data.o)
                              ADC.o (__do_copy_data)
c:/program files (x86)/atmel/studio/7.0/toolchain/avr8/avr8-gnu-toolchain/bin/../lib/gcc/avr/5.4.0/avr5\libgcc.a(_clear_bss.o)
                              Dot_matrix.o (__do_clear_bss)
c:/program files (x86)/atmel/studio/7.0/toolchain/avr8/avr8-gnu-toolchain/bin/../lib/gcc/avr/5.4.0/avr5\libgcc.a(_prologue.o)
                              c:/program files (x86)/atmel/studio/7.0/toolchain/avr8/avr8-gnu-toolchain/bin/../lib/gcc/avr/5.4.0/../../../../avr/lib/avr5\libprintf_min.a(vfprintf_min.o) (__prologue_saves__)
c:/program files (x86)/atmel/studio/7.0/toolchain/avr8/avr8-gnu-toolchain/bin/../lib/gcc/avr/5.4.0/avr5\libgcc.a(_epilogue.o)
                              c:/program files (x86)/atmel/studio/7.0/toolchain/avr8/avr8-gnu-toolchain/bin/../lib/gcc/avr/5.4.0/../../../../avr/lib/avr5\libprintf_min.a(vfprintf_min.o) (__epilogue_restores__)
c:/program files (x86)/atmel/studio/7.0/toolchain/avr8/avr8-gnu-toolchain/bin/../lib/gcc/avr/5.4.0/avr5\libgcc.a(_udivmodhi4.o)
                              c:/program files (x86)/atmel/studio/7.0/toolchain/avr8/avr8-gnu-toolchain/bin/../lib/gcc/avr/5.4.0/avr5\libgcc.a(_divmodhi4.o) (__udivmodhi4)
c:/program files (x86)/atmel/studio/7.0/toolchain/avr8/avr8-gnu-toolchain/bin/../lib/gcc/avr/5.4.0/../../../../avr/lib/avr5\libc.a(strchr_P.o)
                              c:/program files (x86)/atmel/studio/7.0/toolchain/avr8/avr8-gnu-toolchain/bin/../lib/gcc/avr/5.4.0/../../../../avr/lib/avr5\libprintf_min.a(vfprintf_min.o) (strchr_P)
c:/program files (x86)/atmel/studio/7.0/toolchain/avr8/avr8-gnu-toolchain/bin/../lib/gcc/avr/5.4.0/../../../../avr/lib/avr5\libc.a(strcmp.o)
                              Uart.o (strcmp)
c:/program files (x86)/atmel/studio/7.0/toolchain/avr8/avr8-gnu-toolchain/bin/../lib/gcc/avr/5.4.0/../../../../avr/lib/avr5\libc.a(fdevopen.o)
                              Uart.o (fdevopen)
c:/program files (x86)/atmel/studio/7.0/toolchain/avr8/avr8-gnu-toolchain/bin/../lib/gcc/avr/5.4.0/../../../../avr/lib/avr5\libc.a(fputc.o)
                              c:/program files (x86)/atmel/studio/7.0/toolchain/avr8/avr8-gnu-toolchain/bin/../lib/gcc/avr/5.4.0/../../../../avr/lib/avr5\libprintf_min.a(vfprintf_min.o) (fputc)
c:/program files (x86)/atmel/studio/7.0/toolchain/avr8/avr8-gnu-toolchain/bin/../lib/gcc/avr/5.4.0/../../../../avr/lib/avr5\libc.a(iob.o)
                              c:/program files (x86)/atmel/studio/7.0/toolchain/avr8/avr8-gnu-toolchain/bin/../lib/gcc/avr/5.4.0/../../../../avr/lib/avr5\libc.a(fdevopen.o) (__iob)
c:/program files (x86)/atmel/studio/7.0/toolchain/avr8/avr8-gnu-toolchain/bin/../lib/gcc/avr/5.4.0/../../../../avr/lib/avr5\libc.a(printf.o)
                              ADC.o (printf)
c:/program files (x86)/atmel/studio/7.0/toolchain/avr8/avr8-gnu-toolchain/bin/../lib/gcc/avr/5.4.0/../../../../avr/lib/avr5\libc.a(ultoa_invert.o)
                              c:/program files (x86)/atmel/studio/7.0/toolchain/avr8/avr8-gnu-toolchain/bin/../lib/gcc/avr/5.4.0/../../../../avr/lib/avr5\libprintf_min.a(vfprintf_min.o) (__ultoa_invert)
c:/program files (x86)/atmel/studio/7.0/toolchain/avr8/avr8-gnu-toolchain/bin/../lib/gcc/avr/5.4.0/../../../../avr/lib/avr5\libc.a(calloc.o)
                              c:/program files (x86)/atmel/studio/7.0/toolchain/avr8/avr8-gnu-toolchain/bin/../lib/gcc/avr/5.4.0/../../../../avr/lib/avr5\libc.a(fdevopen.o) (calloc)
c:/program files (x86)/atmel/studio/7.0/toolchain/avr8/avr8-gnu-toolchain/bin/../lib/gcc/avr/5.4.0/../../../../avr/lib/avr5\libc.a(malloc.o)
                              c:/program files (x86)/atmel/studio/7.0/toolchain/avr8/avr8-gnu-toolchain/bin/../lib/gcc/avr/5.4.0/../../../../avr/lib/avr5\libc.a(calloc.o) (malloc)
c:/program files (x86)/atmel/studio/7.0/toolchain/avr8/avr8-gnu-toolchain/bin/../lib/gcc/avr/5.4.0/../../../../avr/lib/avr5\libc.a(memset.o)
                              c:/program files (x86)/atmel/studio/7.0/toolchain/avr8/avr8-gnu-toolchain/bin/../lib/gcc/avr/5.4.0/../../../../avr/lib/avr5\libc.a(calloc.o) (memset)
C:/Program Files (x86)/Atmel/Studio/7.0/Packs/atmel/ATmega_DFP/1.2.209/gcc/dev/atmega328p/avr5\libatmega328p.a(eerd_byte.o)
                              Timer.o (eeprom_read_byte)

Allocating common symbols
Common symbol       size              file

speakout_flag       0x1               Timer.o
echo_time           0x1               HC_SR04.o
msec                0x2               Timer.o
RX_data             0x1               Uart.o
__brkval            0x2               c:/program files (x86)/atmel/studio/7.0/toolchain/avr8/avr8-gnu-toolchain/bin/../lib/gcc/avr/5.4.0/../../../../avr/lib/avr5\libc.a(malloc.o)
dotmatrix3arydata   0x20              Dot_matrix_3_array.o
time_flag           0x1               Timer.o
countdown_flag      0x1               Timer.o
dotmatrix3ary       0x20              Dot_matrix_3_array.o
i                   0x1               Timer.o
buffer              0x1f4             Uart.o
RX_cmd_count        0x1               Uart.o
dotmatrix           0x8               Dot_matrix_74595.o
dotmatrixdata       0x8               Dot_matrix_74595.o
min                 0x1               Timer.o
cook_sec            0x1               Timer.o
sec                 0x1               Timer.o
FND                 0x4               FND4digit.o
RX_flag             0x1               Uart.o
dotmatrix_buffer    0x8               Dot_matrix.o
cook_min            0x1               Timer.o
clear_flag          0x1               Timer.o
__flp               0x2               c:/program files (x86)/atmel/studio/7.0/toolchain/avr8/avr8-gnu-toolchain/bin/../lib/gcc/avr/5.4.0/../../../../avr/lib/avr5\libc.a(malloc.o)
__iob               0x6               c:/program files (x86)/atmel/studio/7.0/toolchain/avr8/avr8-gnu-toolchain/bin/../lib/gcc/avr/5.4.0/../../../../avr/lib/avr5\libc.a(iob.o)
lap_flag            0x1               Timer.o
dotmatrix_row       0x8               Dot_matrix.o

Discarded input sections

 .data          0x00000000        0x0 C:/Program Files (x86)/Atmel/Studio/7.0/Packs/atmel/ATmega_DFP/1.2.209/gcc/dev/atmega328p/avr5/crtatmega328p.o
 .bss           0x00000000        0x0 C:/Program Files (x86)/Atmel/Studio/7.0/Packs/atmel/ATmega_DFP/1.2.209/gcc/dev/atmega328p/avr5/crtatmega328p.o
 .text          0x00000000        0x0 ADC.o
 .data          0x00000000        0x0 ADC.o
 .bss           0x00000000        0x0 ADC.o
 .text.ADC_converting_value
                0x00000000       0x88 ADC.o
 .text.ADC_init
                0x00000000       0x22 ADC.o
 .text.volt_to_cm
                0x00000000       0x3c ADC.o
 .rodata.str1.1
                0x00000000        0xe ADC.o
 .text.ADC_main
                0x00000000       0x46 ADC.o
 .text.volt_to_temperature
                0x00000000        0x6 ADC.o
 .debug_info    0x00000000      0x33a ADC.o
 .debug_abbrev  0x00000000      0x213 ADC.o
 .debug_loc     0x00000000      0x214 ADC.o
 .debug_aranges
                0x00000000       0x40 ADC.o
 .debug_ranges  0x00000000       0x30 ADC.o
 .debug_line    0x00000000      0x1f2 ADC.o
 .debug_str     0x00000000      0x227 ADC.o
 .comment       0x00000000       0x31 ADC.o
 .debug_frame   0x00000000       0x74 ADC.o
 .text          0x00000000        0x0 Bluetooth.o
 .data          0x00000000        0x0 Bluetooth.o
 .bss           0x00000000        0x0 Bluetooth.o
 .text.Bluetooth_init
                0x00000000        0xe Bluetooth.o
 .text.Bluetooth_main
                0x00000000       0xb8 Bluetooth.o
 .rodata.str1.1
                0x00000000       0x12 Bluetooth.o
 .text.setName  0x00000000       0x1a Bluetooth.o
 .text.setPIN   0x00000000       0x1a Bluetooth.o
 .text.connectTest
                0x00000000        0xa Bluetooth.o
 .debug_info    0x00000000      0x299 Bluetooth.o
 .debug_abbrev  0x00000000      0x142 Bluetooth.o
 .debug_loc     0x00000000      0x16b Bluetooth.o
 .debug_aranges
                0x00000000       0x40 Bluetooth.o
 .debug_ranges  0x00000000       0x30 Bluetooth.o
 .debug_line    0x00000000      0x1ea Bluetooth.o
 .debug_str     0x00000000      0x20a Bluetooth.o
 .comment       0x00000000       0x31 Bluetooth.o
 .debug_frame   0x00000000       0x7c Bluetooth.o
 .text          0x00000000        0x0 DHT11.o
 .data          0x00000000        0x0 DHT11.o
 .bss           0x00000000        0x0 DHT11.o
 .text.DHT11_rx_byte
                0x00000000       0x6e DHT11.o
 .text.DHT11_data_output
                0x00000000        0x6 DHT11.o
 .text.DHT11_data_input
                0x00000000        0x4 DHT11.o
 .text.DHT11_init
                0x00000000       0x18 DHT11.o
 .text.dumi_read
                0x00000000       0x48 DHT11.o
 .text.DHT11_trigger
                0x00000000       0x20 DHT11.o
 .rodata.str1.1
                0x00000000       0x28 DHT11.o
 .text.DHT11_main
                0x00000000       0x88 DHT11.o
 .text.getTemperature
                0x00000000       0x2e DHT11.o
 .text.getHumi  0x00000000       0x30 DHT11.o
 .debug_info    0x00000000      0x5c7 DHT11.o
 .debug_abbrev  0x00000000      0x1ef DHT11.o
 .debug_loc     0x00000000      0x5eb DHT11.o
 .debug_aranges
                0x00000000       0x60 DHT11.o
 .debug_ranges  0x00000000       0x70 DHT11.o
 .debug_line    0x00000000      0x3de DHT11.o
 .debug_str     0x00000000      0x26e DHT11.o
 .comment       0x00000000       0x31 DHT11.o
 .debug_frame   0x00000000       0xdc DHT11.o
 .text          0x00000000        0x0 Dot_matrix.o
 .data          0x00000000        0x0 Dot_matrix.o
 .bss           0x00000000        0x0 Dot_matrix.o
 .text.dotmatrix_test
                0x00000000       0xa8 Dot_matrix.o
 .text.dotmatrix_operator
                0x00000000       0x6e Dot_matrix.o
 .text.dotmatrix_update
                0x00000000       0x16 Dot_matrix.o
 .text.dotmatrix_init
                0x00000000       0x28 Dot_matrix.o
 .text.Dot_matrix_main
                0x00000000        0xa Dot_matrix.o
 .text.dotmatrix_flow
                0x00000000      0x158 Dot_matrix.o
 .text.dotmatrix_flow_buffer
                0x00000000      0x130 Dot_matrix.o
 .data.name     0x00000000       0x18 Dot_matrix.o
 COMMON         0x00000000       0x10 Dot_matrix.o
 .text          0x00000000        0x0 Dot_matrix_3_array.o
 .data          0x00000000        0x0 Dot_matrix_3_array.o
 .bss           0x00000000        0x0 Dot_matrix_3_array.o
 .text.Dotmatrix_left_countinue
                0x00000000       0xe8 Dot_matrix_3_array.o
 .text.Dotmatrix_flow_left_out
                0x00000000       0xba Dot_matrix_3_array.o
 .text.Dotmatrix_flow_left_in
                0x00000000       0xb6 Dot_matrix_3_array.o
 .text.Dotmatrix_flow_right_out
                0x00000000       0xba Dot_matrix_3_array.o
 .text.Dotmatrix_flow_right_in
                0x00000000       0xb6 Dot_matrix_3_array.o
 .text.Dotmatrix_init_shiftR
                0x00000000       0x20 Dot_matrix_3_array.o
 .text.DotmatrixArry_main
                0x00000000       0xb6 Dot_matrix_3_array.o
 .text.Dotmatrix_shift_out
                0x00000000       0x50 Dot_matrix_3_array.o
 .debug_info    0x00000000      0x4cc Dot_matrix_3_array.o
 .debug_abbrev  0x00000000      0x183 Dot_matrix_3_array.o
 .debug_loc     0x00000000      0x6c4 Dot_matrix_3_array.o
 .debug_aranges
                0x00000000       0x58 Dot_matrix_3_array.o
 .debug_ranges  0x00000000       0x78 Dot_matrix_3_array.o
 .debug_line    0x00000000      0x3ba Dot_matrix_3_array.o
 .debug_str     0x00000000      0x2b4 Dot_matrix_3_array.o
 .comment       0x00000000       0x31 Dot_matrix_3_array.o
 .debug_frame   0x00000000      0x1b4 Dot_matrix_3_array.o
 COMMON         0x00000000       0x40 Dot_matrix_3_array.o
 .text          0x00000000        0x0 Dot_matrix_74595.o
 .data          0x00000000        0x0 Dot_matrix_74595.o
 .bss           0x00000000        0x0 Dot_matrix_74595.o
 .text          0x00000000        0x0 External_INT.o
 .data          0x00000000        0x0 External_INT.o
 .bss           0x00000000        0x0 External_INT.o
 .text.External_INT_main
                0x00000000        0x2 External_INT.o
 .text.EINT_init_for_HC_SR04
                0x00000000       0x12 External_INT.o
 .debug_info    0x00000000       0x9e External_INT.o
 .debug_abbrev  0x00000000       0x6e External_INT.o
 .debug_aranges
                0x00000000       0x28 External_INT.o
 .debug_ranges  0x00000000       0x18 External_INT.o
 .debug_line    0x00000000       0xbf External_INT.o
 .debug_str     0x00000000      0x184 External_INT.o
 .comment       0x00000000       0x31 External_INT.o
 .debug_frame   0x00000000       0x34 External_INT.o
 .text          0x00000000        0x0 FND.o
 .data          0x00000000        0x0 FND.o
 .bss           0x00000000        0x0 FND.o
 .text.FND_init
                0x00000000        0x8 FND.o
 .text.FND_test
                0x00000000       0x26 FND.o
 .text.FND_main
                0x00000000        0xa FND.o
 .data.FND_font
                0x00000000        0xa FND.o
 .debug_info    0x00000000      0x192 FND.o
 .debug_abbrev  0x00000000      0x129 FND.o
 .debug_loc     0x00000000       0x96 FND.o
 .debug_aranges
                0x00000000       0x30 FND.o
 .debug_ranges  0x00000000       0x20 FND.o
 .debug_line    0x00000000      0x166 FND.o
 .debug_str     0x00000000      0x1d0 FND.o
 .comment       0x00000000       0x31 FND.o
 .debug_frame   0x00000000       0x44 FND.o
 .text          0x00000000        0x0 FND4digit.o
 .data          0x00000000        0x0 FND4digit.o
 .bss           0x00000000        0x0 FND4digit.o
 .text.FND_update_value
                0x00000000       0x6e FND4digit.o
 .text.FND_update_time
                0x00000000       0x9e FND4digit.o
 .text.FND_clock
                0x00000000       0xac FND4digit.o
 .text.FND4digit_init
                0x00000000       0x18 FND4digit.o
 .text.FND4digit_init_shiftR
                0x00000000       0x1e FND4digit.o
 .text.FND4digit_main
                0x00000000        0xa FND4digit.o
 .text.FND_shift_out
                0x00000000       0x42 FND4digit.o
 .text.FND4digit_test
                0x00000000       0x6e FND4digit.o
 .text.FND4digit_shiftR_test
                0x00000000       0x6e FND4digit.o
 .data.FND4digit_digit
                0x00000000        0x4 FND4digit.o
 .data.FND4digit_font
                0x00000000        0xa FND4digit.o
 .debug_info    0x00000000      0x391 FND4digit.o
 .debug_abbrev  0x00000000      0x1b0 FND4digit.o
 .debug_loc     0x00000000      0x467 FND4digit.o
 .debug_aranges
                0x00000000       0x60 FND4digit.o
 .debug_ranges  0x00000000       0x50 FND4digit.o
 .debug_line    0x00000000      0x2ef FND4digit.o
 .debug_str     0x00000000      0x280 FND4digit.o
 .comment       0x00000000       0x31 FND4digit.o
 .debug_frame   0x00000000      0x120 FND4digit.o
 COMMON         0x00000000        0x4 FND4digit.o
 .text          0x00000000        0x0 HC_SR04.o
 .data          0x00000000        0x0 HC_SR04.o
 .bss           0x00000000        0x0 HC_SR04.o
 .text.HC_SR04_init
                0x00000000        0x6 HC_SR04.o
 .text.HC_SR04_trigger
                0x00000000        0xe HC_SR04.o
 .rodata.str1.1
                0x00000000       0x11 HC_SR04.o
 .text.HC_SR04_main
                0x00000000       0x70 HC_SR04.o
 .text.time_to_cm
                0x00000000       0x22 HC_SR04.o
 .text.cm_to_hight
                0x00000000        0x8 HC_SR04.o
 .text          0x00000000        0x0 Keypad.o
 .data          0x00000000        0x0 Keypad.o
 .bss           0x00000000        0x0 Keypad.o
 .text.Keypad_init
                0x00000000       0x1a Keypad.o
 .text.clock_Keypad_init
                0x00000000        0xe Keypad.o
 .text.Keyscan_sub
                0x00000000       0x24 Keypad.o
 .text.Keyscan  0x00000000       0x60 Keypad.o
 .debug_info    0x00000000      0x190 Keypad.o
 .debug_abbrev  0x00000000      0x114 Keypad.o
 .debug_loc     0x00000000       0xc1 Keypad.o
 .debug_aranges
                0x00000000       0x38 Keypad.o
 .debug_ranges  0x00000000       0x28 Keypad.o
 .debug_line    0x00000000      0x1df Keypad.o
 .debug_str     0x00000000      0x1dd Keypad.o
 .comment       0x00000000       0x31 Keypad.o
 .debug_frame   0x00000000       0x68 Keypad.o
 .text          0x00000000        0x0 LEDBar.o
 .data          0x00000000        0x0 LEDBar.o
 .bss           0x00000000        0x0 LEDBar.o
 .text.Led_on_up
                0x00000000       0x3c LEDBar.o
 .text.Led_on_down
                0x00000000       0x3c LEDBar.o
 .text.Led_off_up
                0x00000000       0x32 LEDBar.o
 .text.Led_off_down
                0x00000000       0x36 LEDBar.o
 .text.Led_up_down
                0x00000000       0x6a LEDBar.o
 .text.Ledbar_init
                0x00000000        0x8 LEDBar.o
 .text.Led_toggle_center
                0x00000000       0xaa LEDBar.o
 .text.LEDBar_main
                0x00000000        0xa LEDBar.o
 .debug_info    0x00000000      0x401 LEDBar.o
 .debug_abbrev  0x00000000      0x138 LEDBar.o
 .debug_loc     0x00000000      0x4b9 LEDBar.o
 .debug_aranges
                0x00000000       0x58 LEDBar.o
 .debug_ranges  0x00000000       0x98 LEDBar.o
 .debug_line    0x00000000      0x359 LEDBar.o
 .debug_str     0x00000000      0x205 LEDBar.o
 .comment       0x00000000       0x31 LEDBar.o
 .debug_frame   0x00000000       0x94 LEDBar.o
 .text          0x00000000        0x0 main.o
 .data          0x00000000        0x0 main.o
 .bss           0x00000000        0x0 main.o
 .text          0x00000000        0x0 measure.o
 .data          0x00000000        0x0 measure.o
 .bss           0x00000000        0x0 measure.o
 .rodata.str1.1
                0x00000000       0x6b measure.o
 .text.measure_main
                0x00000000      0x25a measure.o
 .debug_info    0x00000000      0x21c measure.o
 .debug_abbrev  0x00000000      0x11d measure.o
 .debug_loc     0x00000000      0x22a measure.o
 .debug_aranges
                0x00000000       0x20 measure.o
 .debug_ranges  0x00000000       0xb8 measure.o
 .debug_line    0x00000000      0x26e measure.o
 .debug_str     0x00000000      0x1f9 measure.o
 .comment       0x00000000       0x31 measure.o
 .debug_frame   0x00000000       0xa0 measure.o
 .text          0x00000000        0x0 Speaker.o
 .data          0x00000000        0x0 Speaker.o
 .bss           0x00000000        0x0 Speaker.o
 .text.delay_ms
                0x00000000       0x16 Speaker.o
 .text.Music_Player
                0x00000000       0xa8 Speaker.o
 .text.Speaker_main
                0x00000000       0x10 Speaker.o
 .text.beep     0x00000000       0x4c Speaker.o
 .text.siren    0x00000000       0x7a Speaker.o
 .data.school_bell_beat2
                0x00000000      0x134 Speaker.o
 .data.school_bell_tune2
                0x00000000      0x17a Speaker.o
 .data.husuabi_bell_beat
                0x00000000       0x76 Speaker.o
 .data.husuabi_bell_tune
                0x00000000       0x78 Speaker.o
 .data.insect_bell_beat
                0x00000000       0xba Speaker.o
 .data.insect_bell_tone
                0x00000000       0xbc Speaker.o
 .data.PONO_beat
                0x00000000      0x166 Speaker.o
 .data.PONO_tune
                0x00000000      0x168 Speaker.o
 .data.tiger_beat
                0x00000000       0x7e Speaker.o
 .data.tiger_tune
                0x00000000       0x80 Speaker.o
 .data.airplane_beat
                0x00000000       0x32 Speaker.o
 .data.airplane_tune
                0x00000000       0x34 Speaker.o
 .data.month_beat
                0x00000000      0x17e Speaker.o
 .data.month_tune
                0x00000000      0x17c Speaker.o
 .data.mountain_rabbit_beat
                0x00000000       0x3c Speaker.o
 .data.mountain_rabbit
                0x00000000       0x3c Speaker.o
 .rodata.GrandFa_Beats
                0x00000000       0xa0 Speaker.o
 .data.GrandFa_Tune
                0x00000000       0xa2 Speaker.o
 .rodata.Elise_Beats
                0x00000000      0x12a Speaker.o
 .data.Elise_Tune
                0x00000000      0x128 Speaker.o
 .data.school_bell_beat
                0x00000000       0x30 Speaker.o
 .data.school_bell_tune
                0x00000000       0x32 Speaker.o
 .data.He_Pirate_Beat
                0x00000000      0x27a Speaker.o
 .data.He_Pirate
                0x00000000      0x282 Speaker.o
 .data.doremi   0x00000000        0xe Speaker.o
 .debug_info    0x00000000      0x6ec Speaker.o
 .debug_abbrev  0x00000000      0x1c9 Speaker.o
 .debug_loc     0x00000000      0x3fd Speaker.o
 .debug_aranges
                0x00000000       0x40 Speaker.o
 .debug_ranges  0x00000000       0x48 Speaker.o
 .debug_line    0x00000000      0x286 Speaker.o
 .debug_str     0x00000000      0x364 Speaker.o
 .comment       0x00000000       0x31 Speaker.o
 .debug_frame   0x00000000       0x98 Speaker.o
 .text          0x00000000        0x0 Timer.o
 .data          0x00000000        0x0 Timer.o
 .bss           0x00000000        0x0 Timer.o
 .text.Timer0_HCSR06_init
                0x00000000       0x12 Timer.o
 .text.Timer1_init_CTC_outA
                0x00000000       0x20 Timer.o
 .text.Timer1_init_fast_PWM_outA
                0x00000000       0x38 Timer.o
 .text.Timer2_init_fast_PWM_outA
                0x00000000       0x1c Timer.o
 .text.Timer1_init_fast_PWM_outA_SurvoMotor
                0x00000000       0x38 Timer.o
 .text.Timer_main
                0x00000000      0x144 Timer.o
 .text          0x00000000        0x0 Uart.o
 .data          0x00000000        0x0 Uart.o
 .bss           0x00000000        0x0 Uart.o
 .text.TX0_string
                0x00000000       0x1e Uart.o
 .text.TX0_4Digit
                0x00000000       0x66 Uart.o
 .text.UART0_init
                0x00000000       0x72 Uart.o
 .rodata.str1.1
                0x00000000       0x4c Uart.o
 .text.Uart_main
                0x00000000      0x116 Uart.o
 .text          0x00000000        0x0 c:/program files (x86)/atmel/studio/7.0/toolchain/avr8/avr8-gnu-toolchain/bin/../lib/gcc/avr/5.4.0/../../../../avr/lib/avr5\libm.a(addsf3.o)
 .data          0x00000000        0x0 c:/program files (x86)/atmel/studio/7.0/toolchain/avr8/avr8-gnu-toolchain/bin/../lib/gcc/avr/5.4.0/../../../../avr/lib/avr5\libm.a(addsf3.o)
 .bss           0x00000000        0x0 c:/program files (x86)/atmel/studio/7.0/toolchain/avr8/avr8-gnu-toolchain/bin/../lib/gcc/avr/5.4.0/../../../../avr/lib/avr5\libm.a(addsf3.o)
 .text.avr-libc.fplib
                0x00000000        0xe c:/program files (x86)/atmel/studio/7.0/toolchain/avr8/avr8-gnu-toolchain/bin/../lib/gcc/avr/5.4.0/../../../../avr/lib/avr5\libm.a(addsf3.o)
 .text          0x00000000        0x0 c:/program files (x86)/atmel/studio/7.0/toolchain/avr8/avr8-gnu-toolchain/bin/../lib/gcc/avr/5.4.0/../../../../avr/lib/avr5\libm.a(addsf3x.o)
 .data          0x00000000        0x0 c:/program files (x86)/atmel/studio/7.0/toolchain/avr8/avr8-gnu-toolchain/bin/../lib/gcc/avr/5.4.0/../../../../avr/lib/avr5\libm.a(addsf3x.o)
 .bss           0x00000000        0x0 c:/program files (x86)/atmel/studio/7.0/toolchain/avr8/avr8-gnu-toolchain/bin/../lib/gcc/avr/5.4.0/../../../../avr/lib/avr5\libm.a(addsf3x.o)
 .text.avr-libc.fplib
                0x00000000       0xcc c:/program files (x86)/atmel/studio/7.0/toolchain/avr8/avr8-gnu-toolchain/bin/../lib/gcc/avr/5.4.0/../../../../avr/lib/avr5\libm.a(addsf3x.o)
 .text          0x00000000        0x0 c:/program files (x86)/atmel/studio/7.0/toolchain/avr8/avr8-gnu-toolchain/bin/../lib/gcc/avr/5.4.0/../../../../avr/lib/avr5\libm.a(divsf3.o)
 .data          0x00000000        0x0 c:/program files (x86)/atmel/studio/7.0/toolchain/avr8/avr8-gnu-toolchain/bin/../lib/gcc/avr/5.4.0/../../../../avr/lib/avr5\libm.a(divsf3.o)
 .bss           0x00000000        0x0 c:/program files (x86)/atmel/studio/7.0/toolchain/avr8/avr8-gnu-toolchain/bin/../lib/gcc/avr/5.4.0/../../../../avr/lib/avr5\libm.a(divsf3.o)
 .text.avr-libc.fplib
                0x00000000        0x8 c:/program files (x86)/atmel/studio/7.0/toolchain/avr8/avr8-gnu-toolchain/bin/../lib/gcc/avr/5.4.0/../../../../avr/lib/avr5\libm.a(divsf3.o)
 .text          0x00000000        0x0 c:/program files (x86)/atmel/studio/7.0/toolchain/avr8/avr8-gnu-toolchain/bin/../lib/gcc/avr/5.4.0/../../../../avr/lib/avr5\libm.a(divsf3x.o)
 .data          0x00000000        0x0 c:/program files (x86)/atmel/studio/7.0/toolchain/avr8/avr8-gnu-toolchain/bin/../lib/gcc/avr/5.4.0/../../../../avr/lib/avr5\libm.a(divsf3x.o)
 .bss           0x00000000        0x0 c:/program files (x86)/atmel/studio/7.0/toolchain/avr8/avr8-gnu-toolchain/bin/../lib/gcc/avr/5.4.0/../../../../avr/lib/avr5\libm.a(divsf3x.o)
 .text.avr-libc.fplib
                0x00000000       0xdc c:/program files (x86)/atmel/studio/7.0/toolchain/avr8/avr8-gnu-toolchain/bin/../lib/gcc/avr/5.4.0/../../../../avr/lib/avr5\libm.a(divsf3x.o)
 .text          0x00000000        0x0 c:/program files (x86)/atmel/studio/7.0/toolchain/avr8/avr8-gnu-toolchain/bin/../lib/gcc/avr/5.4.0/../../../../avr/lib/avr5\libm.a(fixsfsi.o)
 .data          0x00000000        0x0 c:/program files (x86)/atmel/studio/7.0/toolchain/avr8/avr8-gnu-toolchain/bin/../lib/gcc/avr/5.4.0/../../../../avr/lib/avr5\libm.a(fixsfsi.o)
 .bss           0x00000000        0x0 c:/program files (x86)/atmel/studio/7.0/toolchain/avr8/avr8-gnu-toolchain/bin/../lib/gcc/avr/5.4.0/../../../../avr/lib/avr5\libm.a(fixsfsi.o)
 .text.avr-libc.fplib
                0x00000000        0xe c:/program files (x86)/atmel/studio/7.0/toolchain/avr8/avr8-gnu-toolchain/bin/../lib/gcc/avr/5.4.0/../../../../avr/lib/avr5\libm.a(fixsfsi.o)
 .text          0x00000000        0x0 c:/program files (x86)/atmel/studio/7.0/toolchain/avr8/avr8-gnu-toolchain/bin/../lib/gcc/avr/5.4.0/../../../../avr/lib/avr5\libm.a(fixunssfsi.o)
 .data          0x00000000        0x0 c:/program files (x86)/atmel/studio/7.0/toolchain/avr8/avr8-gnu-toolchain/bin/../lib/gcc/avr/5.4.0/../../../../avr/lib/avr5\libm.a(fixunssfsi.o)
 .bss           0x00000000        0x0 c:/program files (x86)/atmel/studio/7.0/toolchain/avr8/avr8-gnu-toolchain/bin/../lib/gcc/avr/5.4.0/../../../../avr/lib/avr5\libm.a(fixunssfsi.o)
 .text.avr-libc.fplib
                0x00000000       0x5e c:/program files (x86)/atmel/studio/7.0/toolchain/avr8/avr8-gnu-toolchain/bin/../lib/gcc/avr/5.4.0/../../../../avr/lib/avr5\libm.a(fixunssfsi.o)
 .text          0x00000000        0x0 c:/program files (x86)/atmel/studio/7.0/toolchain/avr8/avr8-gnu-toolchain/bin/../lib/gcc/avr/5.4.0/../../../../avr/lib/avr5\libm.a(floatsisf.o)
 .data          0x00000000        0x0 c:/program files (x86)/atmel/studio/7.0/toolchain/avr8/avr8-gnu-toolchain/bin/../lib/gcc/avr/5.4.0/../../../../avr/lib/avr5\libm.a(floatsisf.o)
 .bss           0x00000000        0x0 c:/program files (x86)/atmel/studio/7.0/toolchain/avr8/avr8-gnu-toolchain/bin/../lib/gcc/avr/5.4.0/../../../../avr/lib/avr5\libm.a(floatsisf.o)
 .text.avr-libc.fplib
                0x00000000       0x7a c:/program files (x86)/atmel/studio/7.0/toolchain/avr8/avr8-gnu-toolchain/bin/../lib/gcc/avr/5.4.0/../../../../avr/lib/avr5\libm.a(floatsisf.o)
 .text          0x00000000        0x0 c:/program files (x86)/atmel/studio/7.0/toolchain/avr8/avr8-gnu-toolchain/bin/../lib/gcc/avr/5.4.0/../../../../avr/lib/avr5\libm.a(fp_inf.o)
 .data          0x00000000        0x0 c:/program files (x86)/atmel/studio/7.0/toolchain/avr8/avr8-gnu-toolchain/bin/../lib/gcc/avr/5.4.0/../../../../avr/lib/avr5\libm.a(fp_inf.o)
 .bss           0x00000000        0x0 c:/program files (x86)/atmel/studio/7.0/toolchain/avr8/avr8-gnu-toolchain/bin/../lib/gcc/avr/5.4.0/../../../../avr/lib/avr5\libm.a(fp_inf.o)
 .text.avr-libc.fplib
                0x00000000        0xc c:/program files (x86)/atmel/studio/7.0/toolchain/avr8/avr8-gnu-toolchain/bin/../lib/gcc/avr/5.4.0/../../../../avr/lib/avr5\libm.a(fp_inf.o)
 .text          0x00000000        0x0 c:/program files (x86)/atmel/studio/7.0/toolchain/avr8/avr8-gnu-toolchain/bin/../lib/gcc/avr/5.4.0/../../../../avr/lib/avr5\libm.a(fp_nan.o)
 .data          0x00000000        0x0 c:/program files (x86)/atmel/studio/7.0/toolchain/avr8/avr8-gnu-toolchain/bin/../lib/gcc/avr/5.4.0/../../../../avr/lib/avr5\libm.a(fp_nan.o)
 .bss           0x00000000        0x0 c:/program files (x86)/atmel/studio/7.0/toolchain/avr8/avr8-gnu-toolchain/bin/../lib/gcc/avr/5.4.0/../../../../avr/lib/avr5\libm.a(fp_nan.o)
 .text.avr-libc.fplib
                0x00000000        0x6 c:/program files (x86)/atmel/studio/7.0/toolchain/avr8/avr8-gnu-toolchain/bin/../lib/gcc/avr/5.4.0/../../../../avr/lib/avr5\libm.a(fp_nan.o)
 .text          0x00000000        0x0 c:/program files (x86)/atmel/studio/7.0/toolchain/avr8/avr8-gnu-toolchain/bin/../lib/gcc/avr/5.4.0/../../../../avr/lib/avr5\libm.a(fp_pscA.o)
 .data          0x00000000        0x0 c:/program files (x86)/atmel/studio/7.0/toolchain/avr8/avr8-gnu-toolchain/bin/../lib/gcc/avr/5.4.0/../../../../avr/lib/avr5\libm.a(fp_pscA.o)
 .bss           0x00000000        0x0 c:/program files (x86)/atmel/studio/7.0/toolchain/avr8/avr8-gnu-toolchain/bin/../lib/gcc/avr/5.4.0/../../../../avr/lib/avr5\libm.a(fp_pscA.o)
 .text.avr-libc.fplib
                0x00000000        0xe c:/program files (x86)/atmel/studio/7.0/toolchain/avr8/avr8-gnu-toolchain/bin/../lib/gcc/avr/5.4.0/../../../../avr/lib/avr5\libm.a(fp_pscA.o)
 .text          0x00000000        0x0 c:/program files (x86)/atmel/studio/7.0/toolchain/avr8/avr8-gnu-toolchain/bin/../lib/gcc/avr/5.4.0/../../../../avr/lib/avr5\libm.a(fp_pscB.o)
 .data          0x00000000        0x0 c:/program files (x86)/atmel/studio/7.0/toolchain/avr8/avr8-gnu-toolchain/bin/../lib/gcc/avr/5.4.0/../../../../avr/lib/avr5\libm.a(fp_pscB.o)
 .bss           0x00000000        0x0 c:/program files (x86)/atmel/studio/7.0/toolchain/avr8/avr8-gnu-toolchain/bin/../lib/gcc/avr/5.4.0/../../../../avr/lib/avr5\libm.a(fp_pscB.o)
 .text.avr-libc.fplib
                0x00000000        0xe c:/program files (x86)/atmel/studio/7.0/toolchain/avr8/avr8-gnu-toolchain/bin/../lib/gcc/avr/5.4.0/../../../../avr/lib/avr5\libm.a(fp_pscB.o)
 .text          0x00000000        0x0 c:/program files (x86)/atmel/studio/7.0/toolchain/avr8/avr8-gnu-toolchain/bin/../lib/gcc/avr/5.4.0/../../../../avr/lib/avr5\libm.a(fp_round.o)
 .data          0x00000000        0x0 c:/program files (x86)/atmel/studio/7.0/toolchain/avr8/avr8-gnu-toolchain/bin/../lib/gcc/avr/5.4.0/../../../../avr/lib/avr5\libm.a(fp_round.o)
 .bss           0x00000000        0x0 c:/program files (x86)/atmel/studio/7.0/toolchain/avr8/avr8-gnu-toolchain/bin/../lib/gcc/avr/5.4.0/../../../../avr/lib/avr5\libm.a(fp_round.o)
 .text.avr-libc.fplib
                0x00000000       0x22 c:/program files (x86)/atmel/studio/7.0/toolchain/avr8/avr8-gnu-toolchain/bin/../lib/gcc/avr/5.4.0/../../../../avr/lib/avr5\libm.a(fp_round.o)
 .text          0x00000000        0x0 c:/program files (x86)/atmel/studio/7.0/toolchain/avr8/avr8-gnu-toolchain/bin/../lib/gcc/avr/5.4.0/../../../../avr/lib/avr5\libm.a(fp_split3.o)
 .data          0x00000000        0x0 c:/program files (x86)/atmel/studio/7.0/toolchain/avr8/avr8-gnu-toolchain/bin/../lib/gcc/avr/5.4.0/../../../../avr/lib/avr5\libm.a(fp_split3.o)
 .bss           0x00000000        0x0 c:/program files (x86)/atmel/studio/7.0/toolchain/avr8/avr8-gnu-toolchain/bin/../lib/gcc/avr/5.4.0/../../../../avr/lib/avr5\libm.a(fp_split3.o)
 .text.avr-libc.fplib
                0x00000000       0x44 c:/program files (x86)/atmel/studio/7.0/toolchain/avr8/avr8-gnu-toolchain/bin/../lib/gcc/avr/5.4.0/../../../../avr/lib/avr5\libm.a(fp_split3.o)
 .text          0x00000000        0x0 c:/program files (x86)/atmel/studio/7.0/toolchain/avr8/avr8-gnu-toolchain/bin/../lib/gcc/avr/5.4.0/../../../../avr/lib/avr5\libm.a(fp_zero.o)
 .data          0x00000000        0x0 c:/program files (x86)/atmel/studio/7.0/toolchain/avr8/avr8-gnu-toolchain/bin/../lib/gcc/avr/5.4.0/../../../../avr/lib/avr5\libm.a(fp_zero.o)
 .bss           0x00000000        0x0 c:/program files (x86)/atmel/studio/7.0/toolchain/avr8/avr8-gnu-toolchain/bin/../lib/gcc/avr/5.4.0/../../../../avr/lib/avr5\libm.a(fp_zero.o)
 .text.avr-libc.fplib
                0x00000000        0xe c:/program files (x86)/atmel/studio/7.0/toolchain/avr8/avr8-gnu-toolchain/bin/../lib/gcc/avr/5.4.0/../../../../avr/lib/avr5\libm.a(fp_zero.o)
 .text          0x00000000        0x0 c:/program files (x86)/atmel/studio/7.0/toolchain/avr8/avr8-gnu-toolchain/bin/../lib/gcc/avr/5.4.0/../../../../avr/lib/avr5\libm.a(mulsf3.o)
 .data          0x00000000        0x0 c:/program files (x86)/atmel/studio/7.0/toolchain/avr8/avr8-gnu-toolchain/bin/../lib/gcc/avr/5.4.0/../../../../avr/lib/avr5\libm.a(mulsf3.o)
 .bss           0x00000000        0x0 c:/program files (x86)/atmel/studio/7.0/toolchain/avr8/avr8-gnu-toolchain/bin/../lib/gcc/avr/5.4.0/../../../../avr/lib/avr5\libm.a(mulsf3.o)
 .text.avr-libc.fplib
                0x00000000        0x8 c:/program files (x86)/atmel/studio/7.0/toolchain/avr8/avr8-gnu-toolchain/bin/../lib/gcc/avr/5.4.0/../../../../avr/lib/avr5\libm.a(mulsf3.o)
 .text          0x00000000        0x0 c:/program files (x86)/atmel/studio/7.0/toolchain/avr8/avr8-gnu-toolchain/bin/../lib/gcc/avr/5.4.0/../../../../avr/lib/avr5\libm.a(mulsf3x.o)
 .data          0x00000000        0x0 c:/program files (x86)/atmel/studio/7.0/toolchain/avr8/avr8-gnu-toolchain/bin/../lib/gcc/avr/5.4.0/../../../../avr/lib/avr5\libm.a(mulsf3x.o)
 .bss           0x00000000        0x0 c:/program files (x86)/atmel/studio/7.0/toolchain/avr8/avr8-gnu-toolchain/bin/../lib/gcc/avr/5.4.0/../../../../avr/lib/avr5\libm.a(mulsf3x.o)
 .text.avr-libc.fplib
                0x00000000       0xd2 c:/program files (x86)/atmel/studio/7.0/toolchain/avr8/avr8-gnu-toolchain/bin/../lib/gcc/avr/5.4.0/../../../../avr/lib/avr5\libm.a(mulsf3x.o)
 .text          0x00000000        0x0 c:/program files (x86)/atmel/studio/7.0/toolchain/avr8/avr8-gnu-toolchain/bin/../lib/gcc/avr/5.4.0/../../../../avr/lib/avr5\libprintf_min.a(vfprintf_min.o)
 .data          0x00000000        0x0 c:/program files (x86)/atmel/studio/7.0/toolchain/avr8/avr8-gnu-toolchain/bin/../lib/gcc/avr/5.4.0/../../../../avr/lib/avr5\libprintf_min.a(vfprintf_min.o)
 .bss           0x00000000        0x0 c:/program files (x86)/atmel/studio/7.0/toolchain/avr8/avr8-gnu-toolchain/bin/../lib/gcc/avr/5.4.0/../../../../avr/lib/avr5\libprintf_min.a(vfprintf_min.o)
 .text          0x00000000        0x0 c:/program files (x86)/atmel/studio/7.0/toolchain/avr8/avr8-gnu-toolchain/bin/../lib/gcc/avr/5.4.0/avr5\libgcc.a(_divmodhi4.o)
 .data          0x00000000        0x0 c:/program files (x86)/atmel/studio/7.0/toolchain/avr8/avr8-gnu-toolchain/bin/../lib/gcc/avr/5.4.0/avr5\libgcc.a(_divmodhi4.o)
 .bss           0x00000000        0x0 c:/program files (x86)/atmel/studio/7.0/toolchain/avr8/avr8-gnu-toolchain/bin/../lib/gcc/avr/5.4.0/avr5\libgcc.a(_divmodhi4.o)
 .text.libgcc.mul
                0x00000000        0x0 c:/program files (x86)/atmel/studio/7.0/toolchain/avr8/avr8-gnu-toolchain/bin/../lib/gcc/avr/5.4.0/avr5\libgcc.a(_divmodhi4.o)
 .text.libgcc   0x00000000        0x0 c:/program files (x86)/atmel/studio/7.0/toolchain/avr8/avr8-gnu-toolchain/bin/../lib/gcc/avr/5.4.0/avr5\libgcc.a(_divmodhi4.o)
 .text.libgcc.prologue
                0x00000000        0x0 c:/program files (x86)/atmel/studio/7.0/toolchain/avr8/avr8-gnu-toolchain/bin/../lib/gcc/avr/5.4.0/avr5\libgcc.a(_divmodhi4.o)
 .text.libgcc.builtins
                0x00000000        0x0 c:/program files (x86)/atmel/studio/7.0/toolchain/avr8/avr8-gnu-toolchain/bin/../lib/gcc/avr/5.4.0/avr5\libgcc.a(_divmodhi4.o)
 .text.libgcc.fmul
                0x00000000        0x0 c:/program files (x86)/atmel/studio/7.0/toolchain/avr8/avr8-gnu-toolchain/bin/../lib/gcc/avr/5.4.0/avr5\libgcc.a(_divmodhi4.o)
 .text.libgcc.fixed
                0x00000000        0x0 c:/program files (x86)/atmel/studio/7.0/toolchain/avr8/avr8-gnu-toolchain/bin/../lib/gcc/avr/5.4.0/avr5\libgcc.a(_divmodhi4.o)
 .text          0x00000000        0x0 c:/program files (x86)/atmel/studio/7.0/toolchain/avr8/avr8-gnu-toolchain/bin/../lib/gcc/avr/5.4.0/avr5\libgcc.a(_udivmodsi4.o)
 .data          0x00000000        0x0 c:/program files (x86)/atmel/studio/7.0/toolchain/avr8/avr8-gnu-toolchain/bin/../lib/gcc/avr/5.4.0/avr5\libgcc.a(_udivmodsi4.o)
 .bss           0x00000000        0x0 c:/program files (x86)/atmel/studio/7.0/toolchain/avr8/avr8-gnu-toolchain/bin/../lib/gcc/avr/5.4.0/avr5\libgcc.a(_udivmodsi4.o)
 .text.libgcc.mul
                0x00000000        0x0 c:/program files (x86)/atmel/studio/7.0/toolchain/avr8/avr8-gnu-toolchain/bin/../lib/gcc/avr/5.4.0/avr5\libgcc.a(_udivmodsi4.o)
 .text.libgcc.div
                0x00000000       0x44 c:/program files (x86)/atmel/studio/7.0/toolchain/avr8/avr8-gnu-toolchain/bin/../lib/gcc/avr/5.4.0/avr5\libgcc.a(_udivmodsi4.o)
 .text.libgcc   0x00000000        0x0 c:/program files (x86)/atmel/studio/7.0/toolchain/avr8/avr8-gnu-toolchain/bin/../lib/gcc/avr/5.4.0/avr5\libgcc.a(_udivmodsi4.o)
 .text.libgcc.prologue
                0x00000000        0x0 c:/program files (x86)/atmel/studio/7.0/toolchain/avr8/avr8-gnu-toolchain/bin/../lib/gcc/avr/5.4.0/avr5\libgcc.a(_udivmodsi4.o)
 .text.libgcc.builtins
                0x00000000        0x0 c:/program files (x86)/atmel/studio/7.0/toolchain/avr8/avr8-gnu-toolchain/bin/../lib/gcc/avr/5.4.0/avr5\libgcc.a(_udivmodsi4.o)
 .text.libgcc.fmul
                0x00000000        0x0 c:/program files (x86)/atmel/studio/7.0/toolchain/avr8/avr8-gnu-toolchain/bin/../lib/gcc/avr/5.4.0/avr5\libgcc.a(_udivmodsi4.o)
 .text.libgcc.fixed
                0x00000000        0x0 c:/program files (x86)/atmel/studio/7.0/toolchain/avr8/avr8-gnu-toolchain/bin/../lib/gcc/avr/5.4.0/avr5\libgcc.a(_udivmodsi4.o)
 .text          0x00000000        0x0 c:/program files (x86)/atmel/studio/7.0/toolchain/avr8/avr8-gnu-toolchain/bin/../lib/gcc/avr/5.4.0/avr5\libgcc.a(_exit.o)
 .data          0x00000000        0x0 c:/program files (x86)/atmel/studio/7.0/toolchain/avr8/avr8-gnu-toolchain/bin/../lib/gcc/avr/5.4.0/avr5\libgcc.a(_exit.o)
 .bss           0x00000000        0x0 c:/program files (x86)/atmel/studio/7.0/toolchain/avr8/avr8-gnu-toolchain/bin/../lib/gcc/avr/5.4.0/avr5\libgcc.a(_exit.o)
 .text.libgcc.mul
                0x00000000        0x0 c:/program files (x86)/atmel/studio/7.0/toolchain/avr8/avr8-gnu-toolchain/bin/../lib/gcc/avr/5.4.0/avr5\libgcc.a(_exit.o)
 .text.libgcc.div
                0x00000000        0x0 c:/program files (x86)/atmel/studio/7.0/toolchain/avr8/avr8-gnu-toolchain/bin/../lib/gcc/avr/5.4.0/avr5\libgcc.a(_exit.o)
 .text.libgcc   0x00000000        0x0 c:/program files (x86)/atmel/studio/7.0/toolchain/avr8/avr8-gnu-toolchain/bin/../lib/gcc/avr/5.4.0/avr5\libgcc.a(_exit.o)
 .text.libgcc.prologue
                0x00000000        0x0 c:/program files (x86)/atmel/studio/7.0/toolchain/avr8/avr8-gnu-toolchain/bin/../lib/gcc/avr/5.4.0/avr5\libgcc.a(_exit.o)
 .text.libgcc.builtins
                0x00000000        0x0 c:/program files (x86)/atmel/studio/7.0/toolchain/avr8/avr8-gnu-toolchain/bin/../lib/gcc/avr/5.4.0/avr5\libgcc.a(_exit.o)
 .text.libgcc.fmul
                0x00000000        0x0 c:/program files (x86)/atmel/studio/7.0/toolchain/avr8/avr8-gnu-toolchain/bin/../lib/gcc/avr/5.4.0/avr5\libgcc.a(_exit.o)
 .text.libgcc.fixed
                0x00000000        0x0 c:/program files (x86)/atmel/studio/7.0/toolchain/avr8/avr8-gnu-toolchain/bin/../lib/gcc/avr/5.4.0/avr5\libgcc.a(_exit.o)
 .text          0x00000000        0x0 c:/program files (x86)/atmel/studio/7.0/toolchain/avr8/avr8-gnu-toolchain/bin/../lib/gcc/avr/5.4.0/avr5\libgcc.a(_copy_data.o)
 .data          0x00000000        0x0 c:/program files (x86)/atmel/studio/7.0/toolchain/avr8/avr8-gnu-toolchain/bin/../lib/gcc/avr/5.4.0/avr5\libgcc.a(_copy_data.o)
 .bss           0x00000000        0x0 c:/program files (x86)/atmel/studio/7.0/toolchain/avr8/avr8-gnu-toolchain/bin/../lib/gcc/avr/5.4.0/avr5\libgcc.a(_copy_data.o)
 .text.libgcc.mul
                0x00000000        0x0 c:/program files (x86)/atmel/studio/7.0/toolchain/avr8/avr8-gnu-toolchain/bin/../lib/gcc/avr/5.4.0/avr5\libgcc.a(_copy_data.o)
 .text.libgcc.div
                0x00000000        0x0 c:/program files (x86)/atmel/studio/7.0/toolchain/avr8/avr8-gnu-toolchain/bin/../lib/gcc/avr/5.4.0/avr5\libgcc.a(_copy_data.o)
 .text.libgcc   0x00000000        0x0 c:/program files (x86)/atmel/studio/7.0/toolchain/avr8/avr8-gnu-toolchain/bin/../lib/gcc/avr/5.4.0/avr5\libgcc.a(_copy_data.o)
 .text.libgcc.prologue
                0x00000000        0x0 c:/program files (x86)/atmel/studio/7.0/toolchain/avr8/avr8-gnu-toolchain/bin/../lib/gcc/avr/5.4.0/avr5\libgcc.a(_copy_data.o)
 .text.libgcc.builtins
                0x00000000        0x0 c:/program files (x86)/atmel/studio/7.0/toolchain/avr8/avr8-gnu-toolchain/bin/../lib/gcc/avr/5.4.0/avr5\libgcc.a(_copy_data.o)
 .text.libgcc.fmul
                0x00000000        0x0 c:/program files (x86)/atmel/studio/7.0/toolchain/avr8/avr8-gnu-toolchain/bin/../lib/gcc/avr/5.4.0/avr5\libgcc.a(_copy_data.o)
 .text.libgcc.fixed
                0x00000000        0x0 c:/program files (x86)/atmel/studio/7.0/toolchain/avr8/avr8-gnu-toolchain/bin/../lib/gcc/avr/5.4.0/avr5\libgcc.a(_copy_data.o)
 .text          0x00000000        0x0 c:/program files (x86)/atmel/studio/7.0/toolchain/avr8/avr8-gnu-toolchain/bin/../lib/gcc/avr/5.4.0/avr5\libgcc.a(_clear_bss.o)
 .data          0x00000000        0x0 c:/program files (x86)/atmel/studio/7.0/toolchain/avr8/avr8-gnu-toolchain/bin/../lib/gcc/avr/5.4.0/avr5\libgcc.a(_clear_bss.o)
 .bss           0x00000000        0x0 c:/program files (x86)/atmel/studio/7.0/toolchain/avr8/avr8-gnu-toolchain/bin/../lib/gcc/avr/5.4.0/avr5\libgcc.a(_clear_bss.o)
 .text.libgcc.mul
                0x00000000        0x0 c:/program files (x86)/atmel/studio/7.0/toolchain/avr8/avr8-gnu-toolchain/bin/../lib/gcc/avr/5.4.0/avr5\libgcc.a(_clear_bss.o)
 .text.libgcc.div
                0x00000000        0x0 c:/program files (x86)/atmel/studio/7.0/toolchain/avr8/avr8-gnu-toolchain/bin/../lib/gcc/avr/5.4.0/avr5\libgcc.a(_clear_bss.o)
 .text.libgcc   0x00000000        0x0 c:/program files (x86)/atmel/studio/7.0/toolchain/avr8/avr8-gnu-toolchain/bin/../lib/gcc/avr/5.4.0/avr5\libgcc.a(_clear_bss.o)
 .text.libgcc.prologue
                0x00000000        0x0 c:/program files (x86)/atmel/studio/7.0/toolchain/avr8/avr8-gnu-toolchain/bin/../lib/gcc/avr/5.4.0/avr5\libgcc.a(_clear_bss.o)
 .text.libgcc.builtins
                0x00000000        0x0 c:/program files (x86)/atmel/studio/7.0/toolchain/avr8/avr8-gnu-toolchain/bin/../lib/gcc/avr/5.4.0/avr5\libgcc.a(_clear_bss.o)
 .text.libgcc.fmul
                0x00000000        0x0 c:/program files (x86)/atmel/studio/7.0/toolchain/avr8/avr8-gnu-toolchain/bin/../lib/gcc/avr/5.4.0/avr5\libgcc.a(_clear_bss.o)
 .text.libgcc.fixed
                0x00000000        0x0 c:/program files (x86)/atmel/studio/7.0/toolchain/avr8/avr8-gnu-toolchain/bin/../lib/gcc/avr/5.4.0/avr5\libgcc.a(_clear_bss.o)
 .text          0x00000000        0x0 c:/program files (x86)/atmel/studio/7.0/toolchain/avr8/avr8-gnu-toolchain/bin/../lib/gcc/avr/5.4.0/avr5\libgcc.a(_prologue.o)
 .data          0x00000000        0x0 c:/program files (x86)/atmel/studio/7.0/toolchain/avr8/avr8-gnu-toolchain/bin/../lib/gcc/avr/5.4.0/avr5\libgcc.a(_prologue.o)
 .bss           0x00000000        0x0 c:/program files (x86)/atmel/studio/7.0/toolchain/avr8/avr8-gnu-toolchain/bin/../lib/gcc/avr/5.4.0/avr5\libgcc.a(_prologue.o)
 .text.libgcc.mul
                0x00000000        0x0 c:/program files (x86)/atmel/studio/7.0/toolchain/avr8/avr8-gnu-toolchain/bin/../lib/gcc/avr/5.4.0/avr5\libgcc.a(_prologue.o)
 .text.libgcc.div
                0x00000000        0x0 c:/program files (x86)/atmel/studio/7.0/toolchain/avr8/avr8-gnu-toolchain/bin/../lib/gcc/avr/5.4.0/avr5\libgcc.a(_prologue.o)
 .text.libgcc   0x00000000        0x0 c:/program files (x86)/atmel/studio/7.0/toolchain/avr8/avr8-gnu-toolchain/bin/../lib/gcc/avr/5.4.0/avr5\libgcc.a(_prologue.o)
 .text.libgcc.builtins
                0x00000000        0x0 c:/program files (x86)/atmel/studio/7.0/toolchain/avr8/avr8-gnu-toolchain/bin/../lib/gcc/avr/5.4.0/avr5\libgcc.a(_prologue.o)
 .text.libgcc.fmul
                0x00000000        0x0 c:/program files (x86)/atmel/studio/7.0/toolchain/avr8/avr8-gnu-toolchain/bin/../lib/gcc/avr/5.4.0/avr5\libgcc.a(_prologue.o)
 .text.libgcc.fixed
                0x00000000        0x0 c:/program files (x86)/atmel/studio/7.0/toolchain/avr8/avr8-gnu-toolchain/bin/../lib/gcc/avr/5.4.0/avr5\libgcc.a(_prologue.o)
 .text          0x00000000        0x0 c:/program files (x86)/atmel/studio/7.0/toolchain/avr8/avr8-gnu-toolchain/bin/../lib/gcc/avr/5.4.0/avr5\libgcc.a(_epilogue.o)
 .data          0x00000000        0x0 c:/program files (x86)/atmel/studio/7.0/toolchain/avr8/avr8-gnu-toolchain/bin/../lib/gcc/avr/5.4.0/avr5\libgcc.a(_epilogue.o)
 .bss           0x00000000        0x0 c:/program files (x86)/atmel/studio/7.0/toolchain/avr8/avr8-gnu-toolchain/bin/../lib/gcc/avr/5.4.0/avr5\libgcc.a(_epilogue.o)
 .text.libgcc.mul
                0x00000000        0x0 c:/program files (x86)/atmel/studio/7.0/toolchain/avr8/avr8-gnu-toolchain/bin/../lib/gcc/avr/5.4.0/avr5\libgcc.a(_epilogue.o)
 .text.libgcc.div
                0x00000000        0x0 c:/program files (x86)/atmel/studio/7.0/toolchain/avr8/avr8-gnu-toolchain/bin/../lib/gcc/avr/5.4.0/avr5\libgcc.a(_epilogue.o)
 .text.libgcc   0x00000000        0x0 c:/program files (x86)/atmel/studio/7.0/toolchain/avr8/avr8-gnu-toolchain/bin/../lib/gcc/avr/5.4.0/avr5\libgcc.a(_epilogue.o)
 .text.libgcc.builtins
                0x00000000        0x0 c:/program files (x86)/atmel/studio/7.0/toolchain/avr8/avr8-gnu-toolchain/bin/../lib/gcc/avr/5.4.0/avr5\libgcc.a(_epilogue.o)
 .text.libgcc.fmul
                0x00000000        0x0 c:/program files (x86)/atmel/studio/7.0/toolchain/avr8/avr8-gnu-toolchain/bin/../lib/gcc/avr/5.4.0/avr5\libgcc.a(_epilogue.o)
 .text.libgcc.fixed
                0x00000000        0x0 c:/program files (x86)/atmel/studio/7.0/toolchain/avr8/avr8-gnu-toolchain/bin/../lib/gcc/avr/5.4.0/avr5\libgcc.a(_epilogue.o)
 .text          0x00000000        0x0 c:/program files (x86)/atmel/studio/7.0/toolchain/avr8/avr8-gnu-toolchain/bin/../lib/gcc/avr/5.4.0/avr5\libgcc.a(_udivmodhi4.o)
 .data          0x00000000        0x0 c:/program files (x86)/atmel/studio/7.0/toolchain/avr8/avr8-gnu-toolchain/bin/../lib/gcc/avr/5.4.0/avr5\libgcc.a(_udivmodhi4.o)
 .bss           0x00000000        0x0 c:/program files (x86)/atmel/studio/7.0/toolchain/avr8/avr8-gnu-toolchain/bin/../lib/gcc/avr/5.4.0/avr5\libgcc.a(_udivmodhi4.o)
 .text.libgcc.mul
                0x00000000        0x0 c:/program files (x86)/atmel/studio/7.0/toolchain/avr8/avr8-gnu-toolchain/bin/../lib/gcc/avr/5.4.0/avr5\libgcc.a(_udivmodhi4.o)
 .text.libgcc   0x00000000        0x0 c:/program files (x86)/atmel/studio/7.0/toolchain/avr8/avr8-gnu-toolchain/bin/../lib/gcc/avr/5.4.0/avr5\libgcc.a(_udivmodhi4.o)
 .text.libgcc.prologue
                0x00000000        0x0 c:/program files (x86)/atmel/studio/7.0/toolchain/avr8/avr8-gnu-toolchain/bin/../lib/gcc/avr/5.4.0/avr5\libgcc.a(_udivmodhi4.o)
 .text.libgcc.builtins
                0x00000000        0x0 c:/program files (x86)/atmel/studio/7.0/toolchain/avr8/avr8-gnu-toolchain/bin/../lib/gcc/avr/5.4.0/avr5\libgcc.a(_udivmodhi4.o)
 .text.libgcc.fmul
                0x00000000        0x0 c:/program files (x86)/atmel/studio/7.0/toolchain/avr8/avr8-gnu-toolchain/bin/../lib/gcc/avr/5.4.0/avr5\libgcc.a(_udivmodhi4.o)
 .text.libgcc.fixed
                0x00000000        0x0 c:/program files (x86)/atmel/studio/7.0/toolchain/avr8/avr8-gnu-toolchain/bin/../lib/gcc/avr/5.4.0/avr5\libgcc.a(_udivmodhi4.o)
 .text          0x00000000        0x0 c:/program files (x86)/atmel/studio/7.0/toolchain/avr8/avr8-gnu-toolchain/bin/../lib/gcc/avr/5.4.0/../../../../avr/lib/avr5\libc.a(strchr_P.o)
 .data          0x00000000        0x0 c:/program files (x86)/atmel/studio/7.0/toolchain/avr8/avr8-gnu-toolchain/bin/../lib/gcc/avr/5.4.0/../../../../avr/lib/avr5\libc.a(strchr_P.o)
 .bss           0x00000000        0x0 c:/program files (x86)/atmel/studio/7.0/toolchain/avr8/avr8-gnu-toolchain/bin/../lib/gcc/avr/5.4.0/../../../../avr/lib/avr5\libc.a(strchr_P.o)
 .text          0x00000000        0x0 c:/program files (x86)/atmel/studio/7.0/toolchain/avr8/avr8-gnu-toolchain/bin/../lib/gcc/avr/5.4.0/../../../../avr/lib/avr5\libc.a(strcmp.o)
 .data          0x00000000        0x0 c:/program files (x86)/atmel/studio/7.0/toolchain/avr8/avr8-gnu-toolchain/bin/../lib/gcc/avr/5.4.0/../../../../avr/lib/avr5\libc.a(strcmp.o)
 .bss           0x00000000        0x0 c:/program files (x86)/atmel/studio/7.0/toolchain/avr8/avr8-gnu-toolchain/bin/../lib/gcc/avr/5.4.0/../../../../avr/lib/avr5\libc.a(strcmp.o)
 .text.avr-libc
                0x00000000       0x12 c:/program files (x86)/atmel/studio/7.0/toolchain/avr8/avr8-gnu-toolchain/bin/../lib/gcc/avr/5.4.0/../../../../avr/lib/avr5\libc.a(strcmp.o)
 .text          0x00000000        0x0 c:/program files (x86)/atmel/studio/7.0/toolchain/avr8/avr8-gnu-toolchain/bin/../lib/gcc/avr/5.4.0/../../../../avr/lib/avr5\libc.a(fdevopen.o)
 .data          0x00000000        0x0 c:/program files (x86)/atmel/studio/7.0/toolchain/avr8/avr8-gnu-toolchain/bin/../lib/gcc/avr/5.4.0/../../../../avr/lib/avr5\libc.a(fdevopen.o)
 .bss           0x00000000        0x0 c:/program files (x86)/atmel/studio/7.0/toolchain/avr8/avr8-gnu-toolchain/bin/../lib/gcc/avr/5.4.0/../../../../avr/lib/avr5\libc.a(fdevopen.o)
 .text.avr-libc
                0x00000000       0x96 c:/program files (x86)/atmel/studio/7.0/toolchain/avr8/avr8-gnu-toolchain/bin/../lib/gcc/avr/5.4.0/../../../../avr/lib/avr5\libc.a(fdevopen.o)
 .comment       0x00000000       0x31 c:/program files (x86)/atmel/studio/7.0/toolchain/avr8/avr8-gnu-toolchain/bin/../lib/gcc/avr/5.4.0/../../../../avr/lib/avr5\libc.a(fdevopen.o)
 .text          0x00000000        0x0 c:/program files (x86)/atmel/studio/7.0/toolchain/avr8/avr8-gnu-toolchain/bin/../lib/gcc/avr/5.4.0/../../../../avr/lib/avr5\libc.a(fputc.o)
 .data          0x00000000        0x0 c:/program files (x86)/atmel/studio/7.0/toolchain/avr8/avr8-gnu-toolchain/bin/../lib/gcc/avr/5.4.0/../../../../avr/lib/avr5\libc.a(fputc.o)
 .bss           0x00000000        0x0 c:/program files (x86)/atmel/studio/7.0/toolchain/avr8/avr8-gnu-toolchain/bin/../lib/gcc/avr/5.4.0/../../../../avr/lib/avr5\libc.a(fputc.o)
 .text          0x00000000        0x0 c:/program files (x86)/atmel/studio/7.0/toolchain/avr8/avr8-gnu-toolchain/bin/../lib/gcc/avr/5.4.0/../../../../avr/lib/avr5\libc.a(iob.o)
 .data          0x00000000        0x0 c:/program files (x86)/atmel/studio/7.0/toolchain/avr8/avr8-gnu-toolchain/bin/../lib/gcc/avr/5.4.0/../../../../avr/lib/avr5\libc.a(iob.o)
 .bss           0x00000000        0x0 c:/program files (x86)/atmel/studio/7.0/toolchain/avr8/avr8-gnu-toolchain/bin/../lib/gcc/avr/5.4.0/../../../../avr/lib/avr5\libc.a(iob.o)
 .comment       0x00000000       0x31 c:/program files (x86)/atmel/studio/7.0/toolchain/avr8/avr8-gnu-toolchain/bin/../lib/gcc/avr/5.4.0/../../../../avr/lib/avr5\libc.a(iob.o)
 COMMON         0x00000000        0x6 c:/program files (x86)/atmel/studio/7.0/toolchain/avr8/avr8-gnu-toolchain/bin/../lib/gcc/avr/5.4.0/../../../../avr/lib/avr5\libc.a(iob.o)
 .text          0x00000000        0x0 c:/program files (x86)/atmel/studio/7.0/toolchain/avr8/avr8-gnu-toolchain/bin/../lib/gcc/avr/5.4.0/../../../../avr/lib/avr5\libc.a(printf.o)
 .data          0x00000000        0x0 c:/program files (x86)/atmel/studio/7.0/toolchain/avr8/avr8-gnu-toolchain/bin/../lib/gcc/avr/5.4.0/../../../../avr/lib/avr5\libc.a(printf.o)
 .bss           0x00000000        0x0 c:/program files (x86)/atmel/studio/7.0/toolchain/avr8/avr8-gnu-toolchain/bin/../lib/gcc/avr/5.4.0/../../../../avr/lib/avr5\libc.a(printf.o)
 .text.avr-libc
                0x00000000       0x2c c:/program files (x86)/atmel/studio/7.0/toolchain/avr8/avr8-gnu-toolchain/bin/../lib/gcc/avr/5.4.0/../../../../avr/lib/avr5\libc.a(printf.o)
 .comment       0x00000000       0x31 c:/program files (x86)/atmel/studio/7.0/toolchain/avr8/avr8-gnu-toolchain/bin/../lib/gcc/avr/5.4.0/../../../../avr/lib/avr5\libc.a(printf.o)
 .text          0x00000000        0x0 c:/program files (x86)/atmel/studio/7.0/toolchain/avr8/avr8-gnu-toolchain/bin/../lib/gcc/avr/5.4.0/../../../../avr/lib/avr5\libc.a(ultoa_invert.o)
 .data          0x00000000        0x0 c:/program files (x86)/atmel/studio/7.0/toolchain/avr8/avr8-gnu-toolchain/bin/../lib/gcc/avr/5.4.0/../../../../avr/lib/avr5\libc.a(ultoa_invert.o)
 .bss           0x00000000        0x0 c:/program files (x86)/atmel/studio/7.0/toolchain/avr8/avr8-gnu-toolchain/bin/../lib/gcc/avr/5.4.0/../../../../avr/lib/avr5\libc.a(ultoa_invert.o)
 .text          0x00000000        0x0 c:/program files (x86)/atmel/studio/7.0/toolchain/avr8/avr8-gnu-toolchain/bin/../lib/gcc/avr/5.4.0/../../../../avr/lib/avr5\libc.a(calloc.o)
 .data          0x00000000        0x0 c:/program files (x86)/atmel/studio/7.0/toolchain/avr8/avr8-gnu-toolchain/bin/../lib/gcc/avr/5.4.0/../../../../avr/lib/avr5\libc.a(calloc.o)
 .bss           0x00000000        0x0 c:/program files (x86)/atmel/studio/7.0/toolchain/avr8/avr8-gnu-toolchain/bin/../lib/gcc/avr/5.4.0/../../../../avr/lib/avr5\libc.a(calloc.o)
 .text.avr-libc
                0x00000000       0x38 c:/program files (x86)/atmel/studio/7.0/toolchain/avr8/avr8-gnu-toolchain/bin/../lib/gcc/avr/5.4.0/../../../../avr/lib/avr5\libc.a(calloc.o)
 .comment       0x00000000       0x31 c:/program files (x86)/atmel/studio/7.0/toolchain/avr8/avr8-gnu-toolchain/bin/../lib/gcc/avr/5.4.0/../../../../avr/lib/avr5\libc.a(calloc.o)
 .text          0x00000000        0x0 c:/program files (x86)/atmel/studio/7.0/toolchain/avr8/avr8-gnu-toolchain/bin/../lib/gcc/avr/5.4.0/../../../../avr/lib/avr5\libc.a(malloc.o)
 .data          0x00000000        0x6 c:/program files (x86)/atmel/studio/7.0/toolchain/avr8/avr8-gnu-toolchain/bin/../lib/gcc/avr/5.4.0/../../../../avr/lib/avr5\libc.a(malloc.o)
 .bss           0x00000000        0x0 c:/program files (x86)/atmel/studio/7.0/toolchain/avr8/avr8-gnu-toolchain/bin/../lib/gcc/avr/5.4.0/../../../../avr/lib/avr5\libc.a(malloc.o)
 .text.avr-libc
                0x00000000      0x242 c:/program files (x86)/atmel/studio/7.0/toolchain/avr8/avr8-gnu-toolchain/bin/../lib/gcc/avr/5.4.0/../../../../avr/lib/avr5\libc.a(malloc.o)
 .comment       0x00000000       0x31 c:/program files (x86)/atmel/studio/7.0/toolchain/avr8/avr8-gnu-toolchain/bin/../lib/gcc/avr/5.4.0/../../../../avr/lib/avr5\libc.a(malloc.o)
 COMMON         0x00000000        0x4 c:/program files (x86)/atmel/studio/7.0/toolchain/avr8/avr8-gnu-toolchain/bin/../lib/gcc/avr/5.4.0/../../../../avr/lib/avr5\libc.a(malloc.o)
 .text          0x00000000        0x0 c:/program files (x86)/atmel/studio/7.0/toolchain/avr8/avr8-gnu-toolchain/bin/../lib/gcc/avr/5.4.0/../../../../avr/lib/avr5\libc.a(memset.o)
 .data          0x00000000        0x0 c:/program files (x86)/atmel/studio/7.0/toolchain/avr8/avr8-gnu-toolchain/bin/../lib/gcc/avr/5.4.0/../../../../avr/lib/avr5\libc.a(memset.o)
 .bss           0x00000000        0x0 c:/program files (x86)/atmel/studio/7.0/toolchain/avr8/avr8-gnu-toolchain/bin/../lib/gcc/avr/5.4.0/../../../../avr/lib/avr5\libc.a(memset.o)
 .text.avr-libc
                0x00000000        0xe c:/program files (x86)/atmel/studio/7.0/toolchain/avr8/avr8-gnu-toolchain/bin/../lib/gcc/avr/5.4.0/../../../../avr/lib/avr5\libc.a(memset.o)
 .text          0x00000000        0x0 C:/Program Files (x86)/Atmel/Studio/7.0/Packs/atmel/ATmega_DFP/1.2.209/gcc/dev/atmega328p/avr5\libatmega328p.a(eerd_byte.o)
 .data          0x00000000        0x0 C:/Program Files (x86)/Atmel/Studio/7.0/Packs/atmel/ATmega_DFP/1.2.209/gcc/dev/atmega328p/avr5\libatmega328p.a(eerd_byte.o)
 .bss           0x00000000        0x0 C:/Program Files (x86)/Atmel/Studio/7.0/Packs/atmel/ATmega_DFP/1.2.209/gcc/dev/atmega328p/avr5\libatmega328p.a(eerd_byte.o)
 .text.avr-libc
                0x00000000       0x10 C:/Program Files (x86)/Atmel/Studio/7.0/Packs/atmel/ATmega_DFP/1.2.209/gcc/dev/atmega328p/avr5\libatmega328p.a(eerd_byte.o)
 .debug_line    0x00000000       0x7a C:/Program Files (x86)/Atmel/Studio/7.0/Packs/atmel/ATmega_DFP/1.2.209/gcc/dev/atmega328p/avr5\libatmega328p.a(eerd_byte.o)
 .debug_info    0x00000000       0xac C:/Program Files (x86)/Atmel/Studio/7.0/Packs/atmel/ATmega_DFP/1.2.209/gcc/dev/atmega328p/avr5\libatmega328p.a(eerd_byte.o)
 .debug_abbrev  0x00000000       0x14 C:/Program Files (x86)/Atmel/Studio/7.0/Packs/atmel/ATmega_DFP/1.2.209/gcc/dev/atmega328p/avr5\libatmega328p.a(eerd_byte.o)
 .debug_aranges
                0x00000000       0x20 C:/Program Files (x86)/Atmel/Studio/7.0/Packs/atmel/ATmega_DFP/1.2.209/gcc/dev/atmega328p/avr5\libatmega328p.a(eerd_byte.o)

Memory Configuration

Name             Origin             Length             Attributes
text             0x00000000         0x00020000         xr
data             0x00800060         0x0000ffa0         rw !x
eeprom           0x00810000         0x00010000         rw !x
fuse             0x00820000         0x00000003         rw !x
lock             0x00830000         0x00000400         rw !x
signature        0x00840000         0x00000400         rw !x
user_signatures  0x00850000         0x00000400         rw !x
*default*        0x00000000         0xffffffff

Linker script and memory map

Address of section .data set to 0x800100
LOAD C:/Program Files (x86)/Atmel/Studio/7.0/Packs/atmel/ATmega_DFP/1.2.209/gcc/dev/atmega328p/avr5/crtatmega328p.o
LOAD ADC.o
LOAD Bluetooth.o
LOAD DHT11.o
LOAD Dot_matrix.o
LOAD Dot_matrix_3_array.o
LOAD Dot_matrix_74595.o
LOAD External_INT.o
LOAD FND.o
LOAD FND4digit.o
LOAD HC_SR04.o
LOAD Keypad.o
LOAD LEDBar.o
LOAD main.o
LOAD measure.o
LOAD Speaker.o
LOAD Timer.o
LOAD Uart.o
START GROUP
LOAD c:/program files (x86)/atmel/studio/7.0/toolchain/avr8/avr8-gnu-toolchain/bin/../lib/gcc/avr/5.4.0/../../../../avr/lib/avr5\libm.a
END GROUP
LOAD c:/program files (x86)/atmel/studio/7.0/toolchain/avr8/avr8-gnu-toolchain/bin/../lib/gcc/avr/5.4.0/../../../../avr/lib/avr5\libprintf_min.a
START GROUP
LOAD c:/program files (x86)/atmel/studio/7.0/toolchain/avr8/avr8-gnu-toolchain/bin/../lib/gcc/avr/5.4.0/avr5\libgcc.a
LOAD c:/program files (x86)/atmel/studio/7.0/toolchain/avr8/avr8-gnu-toolchain/bin/../lib/gcc/avr/5.4.0/../../../../avr/lib/avr5\libm.a
LOAD c:/program files (x86)/atmel/studio/7.0/toolchain/avr8/avr8-gnu-toolchain/bin/../lib/gcc/avr/5.4.0/../../../../avr/lib/avr5\libc.a
LOAD C:/Program Files (x86)/Atmel/Studio/7.0/Packs/atmel/ATmega_DFP/1.2.209/gcc/dev/atmega328p/avr5\libatmega328p.a
END GROUP
                0x00020000                __TEXT_REGION_LENGTH__ = DEFINED (__TEXT_REGION_LENGTH__)?__TEXT_REGION_LENGTH__:0x20000
                0x0000ffa0                __DATA_REGION_LENGTH__ = DEFINED (__DATA_REGION_LENGTH__)?__DATA_REGION_LENGTH__:0xffa0
                0x00010000                __EEPROM_REGION_LENGTH__ = DEFINED (__EEPROM_REGION_LENGTH__)?__EEPROM_REGION_LENGTH__:0x10000
                [0x00000003]                __FUSE_REGION_LENGTH__ = DEFINED (__FUSE_REGION_LENGTH__)?__FUSE_REGION_LENGTH__:0x400
                0x00000400                __LOCK_REGION_LENGTH__ = DEFINED (__LOCK_REGION_LENGTH__)?__LOCK_REGION_LENGTH__:0x400
                0x00000400                __SIGNATURE_REGION_LENGTH__ = DEFINED (__SIGNATURE_REGION_LENGTH__)?__SIGNATURE_REGION_LENGTH__:0x400
                0x00000400                __USER_SIGNATURE_REGION_LENGTH__ = DEFINED (__USER_SIGNATURE_REGION_LENGTH__)?__USER_SIGNATURE_REGION_LENGTH__:0x400

.hash
 *(.hash)

.dynsym
 *(.dynsym)

.dynstr
 *(.dynstr)

.gnu.version
 *(.gnu.version)

.gnu.version_d
 *(.gnu.version_d)

.gnu.version_r
 *(.gnu.version_r)

.rel.init
 *(.rel.init)

.rela.init
 *(.rela.init)

.rel.text
 *(.rel.text)
 *(.rel.text.*)
 *(.rel.gnu.linkonce.t*)

.rela.text
 *(.rela.text)
 *(.rela.text.*)
 *(.rela.gnu.linkonce.t*)

.rel.fini
 *(.rel.fini)

.rela.fini
 *(.rela.fini)

.rel.rodata
 *(.rel.rodata)
 *(.rel.rodata.*)
 *(.rel.gnu.linkonce.r*)

.rela.rodata
 *(.rela.rodata)
 *(.rela.rodata.*)
 *(.rela.gnu.linkonce.r*)

.rel.data
 *(.rel.data)
 *(.rel.data.*)
 *(.rel.gnu.linkonce.d*)

.rela.data
 *(.rela.data)
 *(.rela.data.*)
 *(.rela.gnu.linkonce.d*)

.rel.ctors
 *(.rel.ctors)

.rela.ctors
 *(.rela.ctors)

.rel.dtors
 *(.rel.dtors)

.rela.dtors
 *(.rela.dtors)

.rel.got
 *(.rel.got)

.rela.got
 *(.rela.got)

.rel.bss
 *(.rel.bss)

.rela.bss
 *(.rela.bss)

.rel.plt
 *(.rel.plt)

.rela.plt
 *(.rela.plt)

.text           0x00000000      0x84c
 *(.vectors)
 .vectors       0x00000000       0x68 C:/Program Files (x86)/Atmel/Studio/7.0/Packs/atmel/ATmega_DFP/1.2.209/gcc/dev/atmega328p/avr5/crtatmega328p.o
                0x00000000                __vector_default
                0x00000000                __vectors
 *(.vectors)
 *(.progmem.gcc*)
                0x00000068                . = ALIGN (0x2)
                0x00000068                __trampolines_start = .
 *(.trampolines)
 .trampolines   0x00000068        0x0 linker stubs
 *(.trampolines*)
                0x00000068                __trampolines_end = .
 *libprintf_flt.a:*(.progmem.data)
 *libc.a:*(.progmem.data)
 *(.progmem*)
 .progmem.data  0x00000068       0x17 c:/program files (x86)/atmel/studio/7.0/toolchain/avr8/avr8-gnu-toolchain/bin/../lib/gcc/avr/5.4.0/../../../../avr/lib/avr5\libprintf_min.a(vfprintf_min.o)
                0x00000080                . = ALIGN (0x2)
 *fill*         0x0000007f        0x1 
 *(.jumptables)
 *(.jumptables*)
 *(.lowtext)
 *(.lowtext*)
                0x00000080                __ctors_start = .
 *(.ctors)
                0x00000080                __ctors_end = .
                0x00000080                __dtors_start = .
 *(.dtors)
                0x00000080                __dtors_end = .
 SORT(*)(.ctors)
 SORT(*)(.dtors)
 *(.init0)
 .init0         0x00000080        0x0 C:/Program Files (x86)/Atmel/Studio/7.0/Packs/atmel/ATmega_DFP/1.2.209/gcc/dev/atmega328p/avr5/crtatmega328p.o
                0x00000080                __init
 *(.init0)
 *(.init1)
 *(.init1)
 *(.init2)
 .init2         0x00000080        0xc C:/Program Files (x86)/Atmel/Studio/7.0/Packs/atmel/ATmega_DFP/1.2.209/gcc/dev/atmega328p/avr5/crtatmega328p.o
 *(.init2)
 *(.init3)
 *(.init3)
 *(.init4)
 .init4         0x0000008c       0x16 c:/program files (x86)/atmel/studio/7.0/toolchain/avr8/avr8-gnu-toolchain/bin/../lib/gcc/avr/5.4.0/avr5\libgcc.a(_copy_data.o)
                0x0000008c                __do_copy_data
 .init4         0x000000a2       0x10 c:/program files (x86)/atmel/studio/7.0/toolchain/avr8/avr8-gnu-toolchain/bin/../lib/gcc/avr/5.4.0/avr5\libgcc.a(_clear_bss.o)
                0x000000a2                __do_clear_bss
 *(.init4)
 *(.init5)
 *(.init5)
 *(.init6)
 *(.init6)
 *(.init7)
 *(.init7)
 *(.init8)
 *(.init8)
 *(.init9)
 .init9         0x000000b2        0x8 C:/Program Files (x86)/Atmel/Studio/7.0/Packs/atmel/ATmega_DFP/1.2.209/gcc/dev/atmega328p/avr5/crtatmega328p.o
 *(.init9)
 *(.text)
 .text          0x000000ba        0x4 C:/Program Files (x86)/Atmel/Studio/7.0/Packs/atmel/ATmega_DFP/1.2.209/gcc/dev/atmega328p/avr5/crtatmega328p.o
                0x000000ba                __vector_22
                0x000000ba                __vector_24
                0x000000ba                __vector_12
                0x000000ba                __bad_interrupt
                0x000000ba                __vector_6
                0x000000ba                __vector_3
                0x000000ba                __vector_23
                0x000000ba                __vector_25
                0x000000ba                __vector_11
                0x000000ba                __vector_13
                0x000000ba                __vector_17
                0x000000ba                __vector_19
                0x000000ba                __vector_7
                0x000000ba                __vector_5
                0x000000ba                __vector_4
                0x000000ba                __vector_9
                0x000000ba                __vector_21
                0x000000ba                __vector_15
                0x000000ba                __vector_8
                0x000000ba                __vector_10
                0x000000ba                __vector_16
                0x000000ba                __vector_20
                0x000000be                . = ALIGN (0x2)
 *(.text.*)
 .text.Dotmatrix_init_74595
                0x000000be       0x1c Dot_matrix_74595.o
                0x000000be                Dotmatrix_init_74595
 .text.Dot_matrix_74595_main
                0x000000da       0x82 Dot_matrix_74595.o
                0x000000da                Dot_matrix_74595_main
 .text.Dotmatrix_74595_out
                0x0000015c       0x7c Dot_matrix_74595.o
                0x0000015c                Dotmatrix_74595_out
 .text.__vector_1
                0x000001d8       0x16 HC_SR04.o
                0x000001d8                __vector_1
 .text.__vector_2
                0x000001ee       0x1e HC_SR04.o
                0x000001ee                __vector_2
 .text.main     0x0000020c        0xa main.o
                0x0000020c                main
 .text.__vector_14
                0x00000216       0xf4 Timer.o
                0x00000216                __vector_14
 .text.Timer0_init
                0x0000030a       0x1c Timer.o
                0x0000030a                Timer0_init
 .text.TX0_char
                0x00000326       0x10 Uart.o
                0x00000326                TX0_char
 .text.__vector_18
                0x00000336       0xda Uart.o
                0x00000336                __vector_18
 .text.avr-libc
                0x00000410      0x230 c:/program files (x86)/atmel/studio/7.0/toolchain/avr8/avr8-gnu-toolchain/bin/../lib/gcc/avr/5.4.0/../../../../avr/lib/avr5\libprintf_min.a(vfprintf_min.o)
                0x00000410                vfprintf
 .text.libgcc.div
                0x00000640       0x28 c:/program files (x86)/atmel/studio/7.0/toolchain/avr8/avr8-gnu-toolchain/bin/../lib/gcc/avr/5.4.0/avr5\libgcc.a(_divmodhi4.o)
                0x00000640                _div
                0x00000640                __divmodhi4
 .text.libgcc.prologue
                0x00000668       0x38 c:/program files (x86)/atmel/studio/7.0/toolchain/avr8/avr8-gnu-toolchain/bin/../lib/gcc/avr/5.4.0/avr5\libgcc.a(_prologue.o)
                0x00000668                __prologue_saves__
 .text.libgcc.prologue
                0x000006a0       0x36 c:/program files (x86)/atmel/studio/7.0/toolchain/avr8/avr8-gnu-toolchain/bin/../lib/gcc/avr/5.4.0/avr5\libgcc.a(_epilogue.o)
                0x000006a0                __epilogue_restores__
 .text.libgcc.div
                0x000006d6       0x28 c:/program files (x86)/atmel/studio/7.0/toolchain/avr8/avr8-gnu-toolchain/bin/../lib/gcc/avr/5.4.0/avr5\libgcc.a(_udivmodhi4.o)
                0x000006d6                __udivmodhi4
 .text.avr-libc
                0x000006fe       0x16 c:/program files (x86)/atmel/studio/7.0/toolchain/avr8/avr8-gnu-toolchain/bin/../lib/gcc/avr/5.4.0/../../../../avr/lib/avr5\libc.a(strchr_P.o)
                0x000006fe                strchr_P
 .text.avr-libc
                0x00000714       0x78 c:/program files (x86)/atmel/studio/7.0/toolchain/avr8/avr8-gnu-toolchain/bin/../lib/gcc/avr/5.4.0/../../../../avr/lib/avr5\libc.a(fputc.o)
                0x00000714                fputc
 .text.avr-libc
                0x0000078c       0xbc c:/program files (x86)/atmel/studio/7.0/toolchain/avr8/avr8-gnu-toolchain/bin/../lib/gcc/avr/5.4.0/../../../../avr/lib/avr5\libc.a(ultoa_invert.o)
                0x0000078c                __ultoa_invert
                0x00000848                . = ALIGN (0x2)
 *(.fini9)
 .fini9         0x00000848        0x0 c:/program files (x86)/atmel/studio/7.0/toolchain/avr8/avr8-gnu-toolchain/bin/../lib/gcc/avr/5.4.0/avr5\libgcc.a(_exit.o)
                0x00000848                _exit
                0x00000848                exit
 *(.fini9)
 *(.fini8)
 *(.fini8)
 *(.fini7)
 *(.fini7)
 *(.fini6)
 *(.fini6)
 *(.fini5)
 *(.fini5)
 *(.fini4)
 *(.fini4)
 *(.fini3)
 *(.fini3)
 *(.fini2)
 *(.fini2)
 *(.fini1)
 *(.fini1)
 *(.fini0)
 .fini0         0x00000848        0x4 c:/program files (x86)/atmel/studio/7.0/toolchain/avr8/avr8-gnu-toolchain/bin/../lib/gcc/avr/5.4.0/avr5\libgcc.a(_exit.o)
 *(.fini0)
                0x0000084c                _etext = .

.data           0x00800100       0x1a load address 0x0000084c
                0x00800100                PROVIDE (__data_start, .)
 *(.data)
 *(.data*)
 .data.JEONG    0x00800100        0x8 Dot_matrix.o
                0x00800100                JEONG
 .data.start_flag
                0x00800108        0x1 Timer.o
                0x00800108                start_flag
 *(.gnu.linkonce.d*)
 *(.rodata)
 *(.rodata*)
 .rodata.YOON   0x00800109        0x8 Dot_matrix.o
                0x00800109                YOON
 .rodata.KYOUNG
                0x00800111        0x8 Dot_matrix.o
                0x00800111                KYOUNG
 *(.gnu.linkonce.r*)
                0x0080011a                . = ALIGN (0x2)
 *fill*         0x00800119        0x1 
                0x0080011a                _edata = .
                0x0080011a                PROVIDE (__data_end, .)

.bss            0x0080011a      0x216
                0x0080011a                PROVIDE (__bss_start, .)
 *(.bss)
 *(.bss*)
 .bss.buf_idx.2081
                0x0080011a        0x1 Uart.o
 .bss.idx.2080  0x0080011b        0x1 Uart.o
 *(COMMON)
 COMMON         0x0080011c       0x10 Dot_matrix_74595.o
                0x0080011c                dotmatrix
                0x00800124                dotmatrixdata
 COMMON         0x0080012c        0x1 HC_SR04.o
                0x0080012c                echo_time
 COMMON         0x0080012d        0xc Timer.o
                0x0080012d                speakout_flag
                0x0080012e                msec
                0x00800130                time_flag
                0x00800131                countdown_flag
                0x00800132                i
                0x00800133                min
                0x00800134                cook_sec
                0x00800135                sec
                0x00800136                cook_min
                0x00800137                clear_flag
                0x00800138                lap_flag
 COMMON         0x00800139      0x1f7 Uart.o
                0x00800139                RX_data
                0x0080013a                buffer
                0x0080032e                RX_cmd_count
                0x0080032f                RX_flag
                0x00800330                PROVIDE (__bss_end, .)
                0x0000084c                __data_load_start = LOADADDR (.data)
                0x00000866                __data_load_end = (__data_load_start + SIZEOF (.data))

.noinit         0x00800330        0x0
                [!provide]                PROVIDE (__noinit_start, .)
 *(.noinit*)
                [!provide]                PROVIDE (__noinit_end, .)
                0x00800330                _end = .
                0x00800330                PROVIDE (__heap_start, .)

.eeprom         0x00810000        0x0
 *(.eeprom*)
                0x00810000                __eeprom_end = .

.fuse
 *(.fuse)
 *(.lfuse)
 *(.hfuse)
 *(.efuse)

.lock
 *(.lock*)

.signature
 *(.signature*)

.user_signatures
 *(.user_signatures*)

.stab
 *(.stab)

.stabstr
 *(.stabstr)

.stab.excl
 *(.stab.excl)

.stab.exclstr
 *(.stab.exclstr)

.stab.index
 *(.stab.index)

.stab.indexstr
 *(.stab.indexstr)

.comment        0x00000000       0x5c
 *(.comment)
 .comment       0x00000000       0x30 Dot_matrix.o
                                 0x31 (size before relaxing)
 .comment       0x00000030       0x31 Dot_matrix_74595.o
 .comment       0x00000030       0x31 HC_SR04.o
 .comment       0x00000030       0x31 main.o
 .comment       0x00000030       0x31 Timer.o
 .comment       0x00000030       0x31 Uart.o
 .comment       0x00000030       0x2c c:/program files (x86)/atmel/studio/7.0/toolchain/avr8/avr8-gnu-toolchain/bin/../lib/gcc/avr/5.4.0/../../../../avr/lib/avr5\libprintf_min.a(vfprintf_min.o)
                                 0x2d (size before relaxing)
 .comment       0x0000005c       0x31 c:/program files (x86)/atmel/studio/7.0/toolchain/avr8/avr8-gnu-toolchain/bin/../lib/gcc/avr/5.4.0/../../../../avr/lib/avr5\libc.a(fputc.o)

.note.gnu.avr.deviceinfo
                0x00000000       0x40
 .note.gnu.avr.deviceinfo
                0x00000000       0x40 C:/Program Files (x86)/Atmel/Studio/7.0/Packs/atmel/ATmega_DFP/1.2.209/gcc/dev/atmega328p/avr5/crtatmega328p.o

.note.gnu.build-id
 *(.note.gnu.build-id)

.debug
 *(.debug)

.line
 *(.line)

.debug_srcinfo
 *(.debug_srcinfo)

.debug_sfnames
 *(.debug_sfnames)

.debug_aranges  0x00000000      0x190
 *(.debug_aranges)
 .debug_aranges
                0x00000000       0x50 Dot_matrix.o
 .debug_aranges
                0x00000050       0x30 Dot_matrix_74595.o
 .debug_aranges
                0x00000080       0x50 HC_SR04.o
 .debug_aranges
                0x000000d0       0x20 main.o
 .debug_aranges
                0x000000f0       0x58 Timer.o
 .debug_aranges
                0x00000148       0x48 Uart.o

.debug_pubnames
 *(.debug_pubnames)

.debug_info     0x00000000     0x1c0f
 *(.debug_info .gnu.linkonce.wi.*)
 .debug_info    0x00000000      0x5f4 C:/Program Files (x86)/Atmel/Studio/7.0/Packs/atmel/ATmega_DFP/1.2.209/gcc/dev/atmega328p/avr5/crtatmega328p.o
 .debug_info    0x000005f4      0x527 Dot_matrix.o
 .debug_info    0x00000b1b      0x33e Dot_matrix_74595.o
 .debug_info    0x00000e59      0x351 HC_SR04.o
 .debug_info    0x000011aa       0xa3 main.o
 .debug_info    0x0000124d      0x46f Timer.o
 .debug_info    0x000016bc      0x553 Uart.o

.debug_abbrev   0x00000000      0xf93
 *(.debug_abbrev)
 .debug_abbrev  0x00000000      0x5a2 C:/Program Files (x86)/Atmel/Studio/7.0/Packs/atmel/ATmega_DFP/1.2.209/gcc/dev/atmega328p/avr5/crtatmega328p.o
 .debug_abbrev  0x000005a2      0x1c9 Dot_matrix.o
 .debug_abbrev  0x0000076b      0x1ac Dot_matrix_74595.o
 .debug_abbrev  0x00000917      0x235 HC_SR04.o
 .debug_abbrev  0x00000b4c       0x75 main.o
 .debug_abbrev  0x00000bc1      0x192 Timer.o
 .debug_abbrev  0x00000d53      0x240 Uart.o

.debug_line     0x00000000     0x116d
 *(.debug_line .debug_line.* .debug_line_end)
 .debug_line    0x00000000      0x133 C:/Program Files (x86)/Atmel/Studio/7.0/Packs/atmel/ATmega_DFP/1.2.209/gcc/dev/atmega328p/avr5/crtatmega328p.o
 .debug_line    0x00000133      0x3cb Dot_matrix.o
 .debug_line    0x000004fe      0x25d Dot_matrix_74595.o
 .debug_line    0x0000075b      0x22f HC_SR04.o
 .debug_line    0x0000098a       0xad main.o
 .debug_line    0x00000a37      0x43e Timer.o
 .debug_line    0x00000e75      0x2f8 Uart.o

.debug_frame    0x00000000      0x428
 *(.debug_frame)
 .debug_frame   0x00000000      0x144 Dot_matrix.o
 .debug_frame   0x00000144       0x44 Dot_matrix_74595.o
 .debug_frame   0x00000188       0xb0 HC_SR04.o
 .debug_frame   0x00000238       0x24 main.o
 .debug_frame   0x0000025c       0xdc Timer.o
 .debug_frame   0x00000338       0xf0 Uart.o

.debug_str      0x00000000      0x7da
 *(.debug_str)
 .debug_str     0x00000000      0x208 C:/Program Files (x86)/Atmel/Studio/7.0/Packs/atmel/ATmega_DFP/1.2.209/gcc/dev/atmega328p/avr5/crtatmega328p.o
 .debug_str     0x00000208      0x241 Dot_matrix.o
                                0x27f (size before relaxing)
 .debug_str     0x00000449       0x7b Dot_matrix_74595.o
                                0x233 (size before relaxing)
 .debug_str     0x000004c4       0xba HC_SR04.o
                                0x25d (size before relaxing)
 .debug_str     0x0000057e        0xc main.o
                                0x16f (size before relaxing)
 .debug_str     0x0000058a      0x194 Timer.o
                                0x37d (size before relaxing)
 .debug_str     0x0000071e       0xbc Uart.o
                                0x27b (size before relaxing)

.debug_loc      0x00000000     0x11c7
 *(.debug_loc)
 .debug_loc     0x00000000      0x803 Dot_matrix.o
 .debug_loc     0x00000803      0x135 Dot_matrix_74595.o
 .debug_loc     0x00000938      0x1fe HC_SR04.o
 .debug_loc     0x00000b36      0x37a Timer.o
 .debug_loc     0x00000eb0      0x317 Uart.o

.debug_macinfo
 *(.debug_macinfo)

.debug_weaknames
 *(.debug_weaknames)

.debug_funcnames
 *(.debug_funcnames)

.debug_typenames
 *(.debug_typenames)

.debug_varnames
 *(.debug_varnames)

.debug_pubtypes
 *(.debug_pubtypes)

.debug_ranges   0x00000000      0x220
 *(.debug_ranges)
 .debug_ranges  0x00000000      0x130 Dot_matrix.o
 .debug_ranges  0x00000130       0x20 Dot_matrix_74595.o
 .debug_ranges  0x00000150       0x40 HC_SR04.o
 .debug_ranges  0x00000190       0x10 main.o
 .debug_ranges  0x000001a0       0x48 Timer.o
 .debug_ranges  0x000001e8       0x38 Uart.o

.debug_macro
 *(.debug_macro)
OUTPUT(arduino_uno.elf elf32-avr)
LOAD linker stubs
